Component: ARM Compiler 5.05 update 1 (build 106) Tool: armlink [4d0efa]

==============================================================================

Section Cross References

    main.o(.text) refers to SerialBase.o(i._ZN4mbed10SerialBase4baudEi) for mbed::SerialBase::baud(int)
    main.o(.text) refers to hall.o(.text) for Hall::init()
    main.o(.text) refers to screen.o(.text) for Screen::init()
    main.o(.text) refers to InterruptIn.o(i._ZN4mbed11InterruptIn4fallEPFvvE) for mbed::InterruptIn::fall(void(*)())
    main.o(.text) refers to InterruptIn.o(i._ZN4mbed11InterruptIn4modeE7PinMode) for mbed::InterruptIn::mode(PinMode)
    main.o(.text) refers to wait_api.o(i.wait) for wait
    main.o(.text) refers to Stream.o(i._ZN4mbed6Stream6printfEPKcz) for mbed::Stream::printf(const char*, ...)
    main.o(.text) refers to gpio.o(i.gpio_init_out) for gpio_init_out
    main.o(.text) refers to Serial.o(i._ZN4mbed6SerialC1E7PinNameS1_PKc) for mbed::Serial::Serial(PinName, PinName, const char*)
    main.o(.text) refers to aeabi_atexit.o(i.__aeabi_atexit) for __aeabi_atexit
    main.o(.text) refers to InterruptIn.o(i._ZN4mbed11InterruptInC1E7PinName) for mbed::InterruptIn::InterruptIn(PinName)
    main.o(.text) refers to main.o(.data) for counter
    main.o(.text) refers to main.o(.bss) for pc
    main.o(.text) refers to Serial.o(i._ZN4mbed6SerialD1Ev) for mbed::Serial::~Serial()
    main.o(.text) refers to InterruptIn.o(i._ZN4mbed11InterruptInD1Ev) for mbed::InterruptIn::~InterruptIn()
    main.o(.ARM.exidx) refers to main.o(.text) for .text
    main.o(.init_array) refers to main.o(.text) for __sti___8_main_cpp_myled
    main.o(.init_array) refers to cpp_init.o(.text) for __cpp_initialize__aeabi_
    bignum.o(.text) refers to pcd8544lcd.o(.text) for PCD8544LCD::drawBitmap(unsigned char, unsigned char, const unsigned char*, unsigned char, unsigned char, unsigned char)
    bignum.o(.text) refers to bignum.o(.constdata) for point
    bignum.o(.ARM.exidx) refers to bignum.o(.text) for .text
    hall.o(.ARM.exidx) refers to hall.o(.text) for .text
    screen.o(.text) refers to pcd8544lcd.o(.text) for PCD8544LCD::init()
    screen.o(.text) refers to bignum.o(.text) for BigNum::showMessage(PCD8544LCD*)
    screen.o(.text) refers to aeabi_atexit.o(i.__aeabi_atexit) for __aeabi_atexit
    screen.o(.text) refers to screen.o(.bss) for p
    screen.o(.text) refers to screen.o(.data) for dnn
    screen.o(.text) refers to screen.o(i._ZN10PCD8544LCDD1Ev) for PCD8544LCD::~PCD8544LCD()
    screen.o(.ARM.exidx) refers to screen.o(.text) for .text
    screen.o(.init_array) refers to screen.o(.text) for __sti___10_screen_cpp_p
    screen.o(.init_array) refers to cpp_init.o(.text) for __cpp_initialize__aeabi_
    nokia_5110.o(.text) refers to new.o(i._Znwj) for operator new(unsigned)
    nokia_5110.o(.text) refers to SPI.o(i._ZN4mbed3SPIC1E7PinNameS1_S1_S1_) for mbed::SPI::SPI(PinName, PinName, PinName, PinName)
    nokia_5110.o(.text) refers to SPI.o(i._ZN4mbed3SPI6formatEii) for mbed::SPI::format(int, int)
    nokia_5110.o(.text) refers to SPI.o(i._ZN4mbed3SPI9frequencyEi) for mbed::SPI::frequency(int)
    nokia_5110.o(.text) refers to array_new.o(i._Znaj) for operator new[] (unsigned)
    nokia_5110.o(.text) refers to nokia_5110.o(i._ZN4mbed10DigitalOutC1E7PinName) for mbed::DigitalOut::DigitalOut(PinName)
    nokia_5110.o(.text) refers to nokia_5110.o(i._ZN4mbed10DigitalOut5writeEi) for mbed::DigitalOut::write(int)
    nokia_5110.o(.text) refers to strlen.o(.text) for strlen
    nokia_5110.o(.text) refers to dadd.o(.text) for __aeabi_dadd
    nokia_5110.o(.text) refers to dfixi.o(.text) for __aeabi_d2iz
    nokia_5110.o(.text) refers to pow.o(i.__hardfp_pow) for __hardfp_pow
    nokia_5110.o(.text) refers to nokia_5110.o(.constdata) for FONT_6x6
    nokia_5110.o(.ARM.exidx) refers to nokia_5110.o(.text) for .text
    pcd8544lcd.o(.text) refers to printfa.o(i.__0snprintf) for __2snprintf
    pcd8544lcd.o(.text) refers to pcd8544lcd.o(i._ZN4mbed10DigitalOutaSEi) for mbed::DigitalOut::operator =(int)
    pcd8544lcd.o(.text) refers to SPI.o(i._ZN4mbed3SPI5writeEi) for mbed::SPI::write(int)
    pcd8544lcd.o(.text) refers to SPI.o(i._ZN4mbed3SPI6formatEii) for mbed::SPI::format(int, int)
    pcd8544lcd.o(.text) refers to SPI.o(i._ZN4mbed3SPI9frequencyEi) for mbed::SPI::frequency(int)
    pcd8544lcd.o(.text) refers to wait_api.o(i.wait_ms) for wait_ms
    pcd8544lcd.o(.text) refers to SPI.o(i._ZN4mbed3SPIC1E7PinNameS1_S1_S1_) for mbed::SPI::SPI(PinName, PinName, PinName, PinName)
    pcd8544lcd.o(.text) refers to nokia_5110.o(i._ZN4mbed10DigitalOutC1E7PinName) for mbed::DigitalOut::DigitalOut(PinName)
    pcd8544lcd.o(.text) refers to pcd8544lcd.o(.constdata) for font_3x5
    pcd8544lcd.o(.text) refers to font_6x8.o(.constdata) for font_6x8
    pcd8544lcd.o(.text) refers to font_8x8.o(.constdata) for font_8x8
    pcd8544lcd.o(.text) refers to font_8x12.o(.constdata) for font_8x12
[...]
    gpio_mode                                0x08007298   Data          52  pinmap.o(.constdata)
    .constdata                               0x08007354   Section      101  spi_api.o(.constdata)
    .constdata                               0x080073b9   Section      129  ctype_o.o(.constdata)
    .constdata                               0x0800743c   Section        4  ctype_o.o(.constdata)
    table                                    0x0800743c   Data           4  ctype_o.o(.constdata)
    .constdata__ZTVN4mbed10FileHandleE       0x08007440   Section       44  retarget.o(.constdata__ZTVN4mbed10FileHandleE)
    .constdata__ZTVN4mbed10SerialBaseE       0x0800746c   Section       16  SerialBase.o(.constdata__ZTVN4mbed10SerialBaseE)
    .constdata__ZTVN4mbed11InterruptInE      0x0800747c   Section       16  InterruptIn.o(.constdata__ZTVN4mbed11InterruptInE)
    .constdata__ZTVN4mbed3SPIE               0x0800748c   Section       20  SPI.o(.constdata__ZTVN4mbed3SPIE)
    .constdata__ZTVN4mbed6SerialE            0x080074a0   Section       92  Serial.o(.constdata__ZTVN4mbed6SerialE)
    .constdata__ZTVN4mbed6StreamE            0x080074fc   Section       68  Stream.o(.constdata__ZTVN4mbed6StreamE)
    .constdata__ZTVN4mbed8FileBaseE          0x08007540   Section       16  FileBase.o(.constdata__ZTVN4mbed8FileBaseE)
    .constdata__ZTVN4mbed8FileLikeE          0x08007550   Section       60  FileLike.o(.constdata__ZTVN4mbed8FileLikeE)
    .conststring                             0x0800758c   Section       66  pcd8544lcd.o(.conststring)
    .init_array                              0x080075f0   Section        4  main.o(.init_array)
    .init_array                              0x080075f4   Section        4  screen.o(.init_array)
    .init_array                              0x080075f8   Section        4  char.o(.init_array)
    .init_array                              0x080075f8   Section        0  cpp_init.o(.init_array)
    .init_array                              0x080075fc   Section        4  locale.o(.init_array)
    .init_array                              0x08007600   Section        4  rwcats.o(.init_array)
    .data                                    0x20000198   Section       12  main.o(.data)
    .data                                    0x200001a4   Section        1  screen.o(.data)
    .data                                    0x200001a5   Section      624  pcd8544lcd.o(.data)
    .data                                    0x20000418   Section        4  retarget.o(.data)
    n                                        0x20000418   Data           4  retarget.o(.data)
    .data                                    0x2000041c   Section        4  stm32f4xx_hal.o(.data)
    uwTick                                   0x2000041c   Data           4  stm32f4xx_hal.o(.data)
    .data                                    0x20000420   Section        4  system_stm32f4xx.o(.data)
    .data                                    0x20000424   Section        4  hal_tick.o(.data)
    .data                                    0x20000428   Section        8  serial_api.o(.data)
    irq_handler                              0x2000042c   Data           4  serial_api.o(.data)
    .data                                    0x20000430   Section        4  SPI.o(.data)
    .data                                    0x20000434   Section        8  us_ticker_api.o(.data)
    events                                   0x20000434   Data           8  us_ticker_api.o(.data)
    .data                                    0x2000043c   Section       68  gpio_irq_api.o(.data)
    irq_handler                              0x2000043c   Data           4  gpio_irq_api.o(.data)
    pin_base_nr                              0x20000440   Data          64  gpio_irq_api.o(.data)
    .data                                    0x20000480   Section        4  us_ticker.o(.data)
    us_ticker_inited                         0x20000480   Data           4  us_ticker.o(.data)
    .data                                    0x20000484   Section        4  FileBase.o(.data)
    .data                                    0x20000488   Section        8  char.o(.data)
    .data                                    0x20000490   Section       28  locale.o(.data)
    _ZGV_ZZNSt6locale7classicEvE5__loc       0x20000490   Data           4  locale.o(.data)
    std::locale::classic()::__loc            0x20000494   Data           4  locale.o(.data)
    .data                                    0x200004ac   Section        4  cpp_dtor.o(.data)
    ddtor_pointer                            0x200004ac   Data           4  cpp_dtor.o(.data)
    .data                                    0x200004b0   Section        4  cpp_memory.o(.data)
    handler_pointer                          0x200004b0   Data           4  cpp_memory.o(.data)
    .data                                    0x200004b4   Section        8  cpp_unwinder.o(.data)
    eh                                       0x200004b4   Data           4  cpp_unwinder.o(.data)
    eh_p                                     0x200004b8   Data           4  cpp_unwinder.o(.data)
    .data                                    0x200004bc   Section        8  rwcats.o(.data)
    [local to rwcats_cpp]::__rw::__rw_catlist 0x200004bc   Data           8  rwcats.o(.data)
    .data                                    0x200004c4   Section        4  mvars.o(.data)
    .data                                    0x200004c8   Section        4  mvars.o(.data)
    .bss                                     0x200004cc   Section      208  main.o(.bss)
    .bss                                     0x2000059c   Section      624  screen.o(.bss)
    .bss                                     0x2000080c   Section       64  retarget.o(.bss)
    filehandles                              0x2000080c   Data          64  retarget.o(.bss)
    .bss                                     0x2000084c   Section       60  hal_tick.o(.bss)
    .bss                                     0x20000888   Section      124  serial_api.o(.bss)
    serial_irq_ids                           0x20000888   Data          32  serial_api.o(.bss)
    .bss                                     0x20000904   Section      532  gpio_irq_api.o(.bss)
    channels                                 0x20000904   Data         532  gpio_irq_api.o(.bss)
    .bss                                     0x20000b18   Section       88  spi_api.o(.bss)
    SpiHandle                                0x20000b18   Data          88  spi_api.o(.bss)
    .bss                                     0x20000b70   Section       60  us_ticker.o(.bss)
    TimMasterHandle                          0x20000b70   Data          60  us_ticker.o(.bss)
    .bss                                     0x20000bac   Section       20  stdout_f.o(.bss)
    .bss                                     0x20000bc0   Section       20  stderr_f.o(.bss)
    HEAP                                     0x20000bd8   Section     1024  startup_stm32f411xe.o(HEAP)

    Global Symbols

    Symbol Name                              Value     Ov Type        Size  Object(Section)

    BuildAttributes$$THM_ISAv4$E$P$D$K$B$S$7EM$VFPi3$EXTD16$VFPS$VFMA$PE$A:L22UL41UL21$X:L11$S22US41US21$IEEE1$IW$USESV6$~STKCKD$USESV7$~SHL$OTIME$ROPI$IEEEX$EBA8$UX$MICROLIB$REQ8$PRES8$EABIv2 0x00000000   Number         0  anon$$obj.o ABSOLUTE
    __ARM_use_no_argv                        0x00000000   Number         0  main.o ABSOLUTE
    _printf_a                                0x00000000   Number         0  stubs.o ABSOLUTE
    _printf_c                                0x00000000   Number         0  stubs.o ABSOLUTE
    _printf_charcount                        0x00000000   Number         0  stubs.o ABSOLUTE
    _printf_d                                0x00000000   Number         0  stubs.o ABSOLUTE
    _printf_e                                0x00000000   Number         0  stubs.o ABSOLUTE
    _printf_f                                0x00000000   Number         0  stubs.o ABSOLUTE
    _printf_flags                            0x00000000   Number         0  stubs.o ABSOLUTE
    _printf_fp_dec                           0x00000000   Number         0  stubs.o ABSOLUTE
    _printf_fp_hex                           0x00000000   Number         0  stubs.o ABSOLUTE
    _printf_g                                0x00000000   Number         0  stubs.o ABSOLUTE
    _printf_i                                0x00000000   Number         0  stubs.o ABSOLUTE
    _printf_int_dec                          0x00000000   Number         0  stubs.o ABSOLUTE
    _printf_l                                0x00000000   Number         0  stubs.o ABSOLUTE
    _printf_lc                               0x00000000   Number         0  stubs.o ABSOLUTE
    _printf_ll                               0x00000000   Number         0  stubs.o ABSOLUTE
    _printf_lld                              0x00000000   Number         0  stubs.o ABSOLUTE
    _printf_lli                              0x00000000   Number         0  stubs.o ABSOLUTE
    _printf_llo                              0x00000000   Number         0  stubs.o ABSOLUTE
    _printf_llu                              0x00000000   Number         0  stubs.o ABSOLUTE
    _printf_llx                              0x00000000   Number         0  stubs.o ABSOLUTE
    _printf_longlong_dec                     0x00000000   Number         0  stubs.o ABSOLUTE
    _printf_longlong_hex                     0x00000000   Number         0  stubs.o ABSOLUTE
    _printf_longlong_oct                     0x00000000   Number         0  stubs.o ABSOLUTE
    _printf_ls                               0x00000000   Number         0  stubs.o ABSOLUTE
    _printf_mbtowc                           0x00000000   Number         0  stubs.o ABSOLUTE
    _printf_n                                0x00000000   Number         0  stubs.o ABSOLUTE
    _printf_o                                0x00000000   Number         0  stubs.o ABSOLUTE
    _printf_p                                0x00000000   Number         0  stubs.o ABSOLUTE
    _printf_percent                          0x00000000   Number         0  stubs.o ABSOLUTE
    _printf_pre_padding                      0x00000000   Number         0  stubs.o ABSOLUTE
    _printf_return_value                     0x00000000   Number         0  stubs.o ABSOLUTE
    _printf_s                                0x00000000   Number         0  stubs.o ABSOLUTE
    _printf_sizespec                         0x00000000   Number         0  stubs.o ABSOLUTE
    _printf_str                              0x00000000   Number         0  stubs.o ABSOLUTE
    _printf_truncate_signed                  0x00000000   Number         0  stubs.o ABSOLUTE
    _printf_truncate_unsigned                0x00000000   Number         0  stubs.o ABSOLUTE
    _printf_u                                0x00000000   Number         0  stubs.o ABSOLUTE
    _printf_wc                               0x00000000   Number         0  stubs.o ABSOLUTE
    _printf_wctomb                           0x00000000   Number         0  stubs.o ABSOLUTE
    _printf_widthprec                        0x00000000   Number         0  stubs.o ABSOLUTE
    _printf_x                                0x00000000   Number         0  stubs.o ABSOLUTE
    _Unwind_Resume                            - Undefined Weak Reference
    __ARM::default_unexpected_handler()       - Undefined Weak Reference
    __ARM_exceptions_buffer_required          - Undefined Weak Reference
    _clock_init                               - Undefined Weak Reference
    _microlib_exit                            - Undefined Weak Reference
    __Vectors_Size                           0x00000198   Number         0  startup_stm32f411xe.o ABSOLUTE
    __Vectors                                0x08000000   Data           4  startup_stm32f411xe.o(RESET)
    __dso_handle                             0x08000000   Number         0  startup_stm32f411xe.o(RESET)
    __Vectors_End                            0x08000198   Data           0  startup_stm32f411xe.o(RESET)
    __main                                   0x08000199   Thumb Code     0  entry.o(.ARM.Collect$$$$00000000)
    _main_stk                                0x08000199   Thumb Code     0  entry2.o(.ARM.Collect$$$$00000001)
    _main_scatterload                        0x0800019d   Thumb Code     0  entry5.o(.ARM.Collect$$$$00000004)
    __main_after_scatterload                 0x080001a1   Thumb Code     0  entry5.o(.ARM.Collect$$$$00000004)
    __use_full_stdio                         0x080001a1   Thumb Code     0  entry6b.o(.ARM.Collect$$$$00000006)
    __main_after_initio                      0x080001a5   Thumb Code     0  entry6b.o(.ARM.Collect$$$$00000006)
    _main_clock                              0x080001a5   Thumb Code     0  entry7b.o(.ARM.Collect$$$$00000008)
    _main_cpp_init$empty                     0x080001a5   Thumb Code     0  entry8a.o(.ARM.Collect$$$$00000009)
    _main_cpp_init                           0x080001a9   Thumb Code     0  entry8b.o(.ARM.Collect$$$$0000000A)
    _main_init                               0x080001a9   Thumb Code     0  entry9a.o(.ARM.Collect$$$$0000000B)
    __rt_final_cpp                           0x080001b1   Thumb Code     0  entry10a.o(.ARM.Collect$$$$0000000D)
    __rt_final_exit                          0x080001b1   Thumb Code     0  entry11a.o(.ARM.Collect$$$$0000000F)
    fall()                                   0x080001b5   Thumb Code    12  main.o(.text)
    $Super$$main                             0x080001c1   Thumb Code    74  main.o(.text)
    BigNum::BigNum()                         0x0800027d   Thumb Code     2  bignum.o(.text)
    BigNum::BigNum__sub_object()             0x0800027d   Thumb Code     0  bignum.o(.text)
    BigNum::drawPoint(char, char, PCD8544LCD*, char) 0x0800027f   Thumb Code    42  bignum.o(.text)
    BigNum::drawNum(char, char, PCD8544LCD*, char) 0x080002a9   Thumb Code   182  bignum.o(.text)
    BigNum::showMessage(PCD8544LCD*)         0x0800035f   Thumb Code   164  bignum.o(.text)
    BigNum::showPhone(PCD8544LCD*)           0x08000403   Thumb Code   164  bignum.o(.text)
    BigNum::spliceNum(PCD8544LCD, int)       0x080004a7   Thumb Code    60  bignum.o(.text)
    Hall::init()                             0x08000505   Thumb Code     2  hall.o(.text)
    Screen::init()                           0x08000509   Thumb Code    12  screen.o(.text)
    Screen::drawMessageAlertScene()          0x08000515   Thumb Code    20  screen.o(.text)
    Screen::drawSpeedScene(int)              0x08000529   Thumb Code   158  screen.o(.text)
    Screen::changeScene(ScreenType)          0x080005c7   Thumb Code    42  screen.o(.text)
    Screen::log(char*)                       0x080005f1   Thumb Code    34  screen.o(.text)
    Screen::drawPhoneAlertScene()            0x08000613   Thumb Code    20  screen.o(.text)
    itostr(char*, int)                       0x0800066d   Thumb Code   154  pcd8544lcd.o(.text)
    PCD8544LCD::writeData(unsigned char)     0x08000707   Thumb Code    46  pcd8544lcd.o(.text)
    PCD8544LCD::writeCmd(unsigned char)      0x08000735   Thumb Code    46  pcd8544lcd.o(.text)
    PCD8544LCD::update()                     0x08000763   Thumb Code   168  pcd8544lcd.o(.text)
    PCD8544LCD::cls(bool)                    0x0800080b   Thumb Code    50  pcd8544lcd.o(.text)
    PCD8544LCD::init()                       0x0800083d   Thumb Code   126  pcd8544lcd.o(.text)
    PCD8544LCD::PCD8544LCD(PinName, PinName, PinName, PinName, PinName, PinName) 0x080008bb   Thumb Code   114  pcd8544lcd.o(.text)
    PCD8544LCD::PCD8544LCD__sub_object(PinName, PinName, PinName, PinName, PinName, PinName) 0x080008bb   Thumb Code     0  pcd8544lcd.o(.text)
    PCD8544LCD::close()                      0x0800092d   Thumb Code    34  pcd8544lcd.o(.text)
    PCD8544LCD::locate(unsigned char, unsigned char) 0x0800094f   Thumb Code    26  pcd8544lcd.o(.text)
    PCD8544LCD::chooseFont(eFonts)           0x08000969   Thumb Code   272  pcd8544lcd.o(.text)
    PCD8544LCD::drawpixel(unsigned char, unsigned char, ePixelMode, unsigned char) 0x08000a79   Thumb Code   172  pcd8544lcd.o(.text)
    PCD8544LCD::writeChar(unsigned char, unsigned char, unsigned char, eFonts, eDisplayMode, unsigned char) 0x08000b25   Thumb Code   188  pcd8544lcd.o(.text)
    PCD8544LCD::writeString(unsigned char, unsigned char, char*, eFonts, eDisplayMode, eSpaceMode, unsigned char) 0x08000be1   Thumb Code   100  pcd8544lcd.o(.text)
    PCD8544LCD::drawBitmap(unsigned char, unsigned char, const unsigned char*, unsigned char, unsigned char, unsigned char) 0x08000c45   Thumb Code   152  pcd8544lcd.o(.text)
    PCD8544LCD::drawline(unsigned char, unsigned char, unsigned char, unsigned char, ePixelMode, unsigned char) 0x08000cdd   Thumb Code   196  pcd8544lcd.o(.text)
    PCD8544LCD::drawrectangle(unsigned char, unsigned char, unsigned char, unsigned char, eFillMode, ePixelMode, unsigned char) 0x08000da1   Thumb Code   202  pcd8544lcd.o(.text)
    PCD8544LCD::drawprogressbar(unsigned char, unsigned char, unsigned char, unsigned char, unsigned char, unsigned char) 0x08000e6b   Thumb Code   154  pcd8544lcd.o(.text)
    PCD8544LCD::drawchart(unsigned char, unsigned char, unsigned char, unsigned char, unsigned char, unsigned char, eRasterMode, eChartMode, eDrawMode, short*, int, int) 0x08000f05   Thumb Code   894  pcd8544lcd.o(.text)
    Reset_Handler                            0x08001289   Thumb Code     8  startup_stm32f411xe.o(.text)
    NMI_Handler                              0x08001291   Thumb Code     2  startup_stm32f411xe.o(.text)
    HardFault_Handler                        0x08001293   Thumb Code     2  startup_stm32f411xe.o(.text)
    MemManage_Handler                        0x08001295   Thumb Code     2  startup_stm32f411xe.o(.text)
    BusFault_Handler                         0x08001297   Thumb Code     2  startup_stm32f411xe.o(.text)
    UsageFault_Handler                       0x08001299   Thumb Code     2  startup_stm32f411xe.o(.text)
    SVC_Handler                              0x0800129b   Thumb Code     2  startup_stm32f411xe.o(.text)
    DebugMon_Handler                         0x0800129d   Thumb Code     2  startup_stm32f411xe.o(.text)
    PendSV_Handler                           0x0800129f   Thumb Code     2  startup_stm32f411xe.o(.text)
    SysTick_Handler                          0x080012a1   Thumb Code     2  startup_stm32f411xe.o(.text)
    ADC_IRQHandler                           0x080012a3   Thumb Code     0  startup_stm32f411xe.o(.text)
    DMA1_Stream0_IRQHandler                  0x080012a3   Thumb Code     0  startup_stm32f411xe.o(.text)
    DMA1_Stream1_IRQHandler                  0x080012a3   Thumb Code     0  startup_stm32f411xe.o(.text)
    DMA1_Stream2_IRQHandler                  0x080012a3   Thumb Code     0  startup_stm32f411xe.o(.text)
    DMA1_Stream3_IRQHandler                  0x080012a3   Thumb Code     0  startup_stm32f411xe.o(.text)
    DMA1_Stream4_IRQHandler                  0x080012a3   Thumb Code     0  startup_stm32f411xe.o(.text)
    DMA1_Stream5_IRQHandler                  0x080012a3   Thumb Code     0  startup_stm32f411xe.o(.text)
    DMA1_Stream6_IRQHandler                  0x080012a3   Thumb Code     0  startup_stm32f411xe.o(.text)
    DMA1_Stream7_IRQHandler                  0x080012a3   Thumb Code     0  startup_stm32f411xe.o(.text)
    DMA2_Stream0_IRQHandler                  0x080012a3   Thumb Code     0  startup_stm32f411xe.o(.text)
    DMA2_Stream1_IRQHandler                  0x080012a3   Thumb Code     0  startup_stm32f411xe.o(.text)
    DMA2_Stream2_IRQHandler                  0x080012a3   Thumb Code     0  startup_stm32f411xe.o(.text)
    DMA2_Stream3_IRQHandler                  0x080012a3   Thumb Code     0  startup_stm32f411xe.o(.text)
    DMA2_Stream4_IRQHandler                  0x080012a3   Thumb Code     0  startup_stm32f411xe.o(.text)
    DMA2_Stream5_IRQHandler                  0x080012a3   Thumb Code     0  startup_stm32f411xe.o(.text)
    DMA2_Stream6_IRQHandler                  0x080012a3   Thumb Code     0  startup_stm32f411xe.o(.text)
    DMA2_Stream7_IRQHandler                  0x080012a3   Thumb Code     0  startup_stm32f411xe.o(.text)
    EXTI0_IRQHandler                         0x080012a3   Thumb Code     0  startup_stm32f411xe.o(.text)
    EXTI15_10_IRQHandler                     0x080012a3   Thumb Code     0  startup_stm32f411xe.o(.text)
    EXTI1_IRQHandler                         0x080012a3   Thumb Code     0  startup_stm32f411xe.o(.text)
    EXTI2_IRQHandler                         0x080012a3   Thumb Code     0  startup_stm32f411xe.o(.text)
    EXTI3_IRQHandler                         0x080012a3   Thumb Code     0  startup_stm32f411xe.o(.text)
    EXTI4_IRQHandler                         0x080012a3   Thumb Code     0  startup_stm32f411xe.o(.text)
    EXTI9_5_IRQHandler                       0x080012a3   Thumb Code     0  startup_stm32f411xe.o(.text)
    FLASH_IRQHandler                         0x080012a3   Thumb Code     0  startup_stm32f411xe.o(.text)
    FPU_IRQHandler                           0x080012a3   Thumb Code     0  startup_stm32f411xe.o(.text)
    I2C1_ER_IRQHandler                       0x080012a3   Thumb Code     0  startup_stm32f411xe.o(.text)
    I2C1_EV_IRQHandler                       0x080012a3   Thumb Code     0  startup_stm32f411xe.o(.text)
    I2C2_ER_IRQHandler                       0x080012a3   Thumb Code     0  startup_stm32f411xe.o(.text)
    I2C2_EV_IRQHandler                       0x080012a3   Thumb Code     0  startup_stm32f411xe.o(.text)
    I2C3_ER_IRQHandler                       0x080012a3   Thumb Code     0  startup_stm32f411xe.o(.text)
    I2C3_EV_IRQHandler                       0x080012a3   Thumb Code     0  startup_stm32f411xe.o(.text)
    OTG_FS_IRQHandler                        0x080012a3   Thumb Code     0  startup_stm32f411xe.o(.text)
    OTG_FS_WKUP_IRQHandler                   0x080012a3   Thumb Code     0  startup_stm32f411xe.o(.text)
    PVD_IRQHandler                           0x080012a3   Thumb Code     0  startup_stm32f411xe.o(.text)
    RCC_IRQHandler                           0x080012a3   Thumb Code     0  startup_stm32f411xe.o(.text)
    RTC_Alarm_IRQHandler                     0x080012a3   Thumb Code     0  startup_stm32f411xe.o(.text)
    RTC_WKUP_IRQHandler                      0x080012a3   Thumb Code     0  startup_stm32f411xe.o(.text)
    SDIO_IRQHandler                          0x080012a3   Thumb Code     0  startup_stm32f411xe.o(.text)
    SPI1_IRQHandler                          0x080012a3   Thumb Code     0  startup_stm32f411xe.o(.text)
    SPI2_IRQHandler                          0x080012a3   Thumb Code     0  startup_stm32f411xe.o(.text)
    SPI3_IRQHandler                          0x080012a3   Thumb Code     0  startup_stm32f411xe.o(.text)
    SPI4_IRQHandler                          0x080012a3   Thumb Code     0  startup_stm32f411xe.o(.text)
    SPI5_IRQHandler                          0x080012a3   Thumb Code     0  startup_stm32f411xe.o(.text)
    TAMP_STAMP_IRQHandler                    0x080012a3   Thumb Code     0  startup_stm32f411xe.o(.text)
    TIM1_BRK_TIM9_IRQHandler                 0x080012a3   Thumb Code     0  startup_stm32f411xe.o(.text)
    TIM1_CC_IRQHandler                       0x080012a3   Thumb Code     0  startup_stm32f411xe.o(.text)
    TIM1_TRG_COM_TIM11_IRQHandler            0x080012a3   Thumb Code     0  startup_stm32f411xe.o(.text)
    TIM1_UP_TIM10_IRQHandler                 0x080012a3   Thumb Code     0  startup_stm32f411xe.o(.text)
    TIM2_IRQHandler                          0x080012a3   Thumb Code     0  startup_stm32f411xe.o(.text)
    TIM3_IRQHandler                          0x080012a3   Thumb Code     0  startup_stm32f411xe.o(.text)
    TIM4_IRQHandler                          0x080012a3   Thumb Code     0  startup_stm32f411xe.o(.text)
    TIM5_IRQHandler                          0x080012a3   Thumb Code     0  startup_stm32f411xe.o(.text)
    USART1_IRQHandler                        0x080012a3   Thumb Code     0  startup_stm32f411xe.o(.text)
    USART2_IRQHandler                        0x080012a3   Thumb Code     0  startup_stm32f411xe.o(.text)
    USART6_IRQHandler                        0x080012a3   Thumb Code     0  startup_stm32f411xe.o(.text)
    WWDG_IRQHandler                          0x080012a3   Thumb Code     0  startup_stm32f411xe.o(.text)
    _initio                                  0x080012ad   Thumb Code    20  initio_oe.o(.text)
    fputc                                    0x080012cd   Thumb Code    40  fputc_fp.o(.text)
    setbuf                                   0x080012f5   Thumb Code     2  setbuf.o(.text)
    __aeabi_memset                           0x080012f7   Thumb Code    14  memseta.o(.text)
    __aeabi_memset4                          0x080012f7   Thumb Code     0  memseta.o(.text)
    __aeabi_memset8                          0x080012f7   Thumb Code     0  memseta.o(.text)
    __aeabi_memclr                           0x08001305   Thumb Code     4  memseta.o(.text)
    __aeabi_memclr4                          0x08001305   Thumb Code     0  memseta.o(.text)
    __aeabi_memclr8                          0x08001305   Thumb Code     0  memseta.o(.text)
    _memset$wrapper                          0x08001309   Thumb Code    18  memseta.o(.text)
    strlen                                   0x0800131b   Thumb Code    14  strlen.o(.text)
    strcmp                                   0x08001329   Thumb Code    28  strcmp.o(.text)
    strncmp                                  0x08001345   Thumb Code    30  strncmp.o(.text)
    __0sscanf                                0x08001365   Thumb Code    48  __0sscanf.o(.text)
    _scanf_int                               0x0800139d   Thumb Code   332  _scanf_int.o(.text)
    __cpp_initialize__aeabi_                 0x080014e9   Thumb Code    22  cpp_init.o(.text)
    __aeabi_dadd                             0x08001509   Thumb Code   322  dadd.o(.text)
    __aeabi_dsub                             0x0800164b   Thumb Code     6  dadd.o(.text)
    __aeabi_drsub                            0x08001651   Thumb Code     6  dadd.o(.text)
    __default_new_handler()                  0x08001657   Thumb Code     4  arm_newhandler_noexceptions.o(.text)
    __aeabi_uidiv                            0x0800165b   Thumb Code     0  uidiv.o(.text)
    __aeabi_uidivmod                         0x0800165b   Thumb Code    44  uidiv.o(.text)
    __aeabi_uldivmod                         0x08001687   Thumb Code    98  uldiv.o(.text)
    __aeabi_llsl                             0x080016e9   Thumb Code    30  llshl.o(.text)
    _ll_shift_l                              0x080016e9   Thumb Code     0  llshl.o(.text)
    __aeabi_llsr                             0x08001707   Thumb Code    32  llushr.o(.text)
    _ll_ushift_r                             0x08001707   Thumb Code     0  llushr.o(.text)
    __aeabi_lasr                             0x08001727   Thumb Code    36  llsshr.o(.text)
    _ll_sshift_r                             0x08001727   Thumb Code     0  llsshr.o(.text)
    _chval                                   0x0800174b   Thumb Code    28  _chval.o(.text)
    __vfscanf_char                           0x08001775   Thumb Code    20  scanf_char.o(.text)
    _sgetc                                   0x08001791   Thumb Code    30  _sgetc.o(.text)
    _sbackspace                              0x080017af   Thumb Code    34  _sgetc.o(.text)
    __I$use$fp                               0x080017d1   Thumb Code     0  iusefp.o(.text)
    __rt_ddtor_pointer_addr                  0x080017d1   Thumb Code     4  cpp_dtor.o(.text)
    __rt_lib_shutdown_cpp_1                  0x080017d9   Thumb Code     2  cpp_final.o(.text)
    __rt_new_handler_addr                    0x080017dd   Thumb Code     4  cpp_memory.o(.text)
    __rt_SIGPVFN                             0x080017e5   Thumb Code     2  cpp_signal.o(.text)
    __aeabi_unwind_cpp_pr0                   0x080017e9   Thumb Code     4  cpp_unwinder.o(.text)
    __aeabi_unwind_cpp_pr1                   0x080017ed   Thumb Code     4  cpp_unwinder.o(.text)
    _Unwind_DeleteException                  0x080017f1   Thumb Code     2  cpp_unwinder.o(.text)
    _Unwind_Activity                         0x080017f3   Thumb Code     2  cpp_unwinder.o(.text)
    _Unwind_RaiseException                   0x080017f5   Thumb Code     4  cpp_unwinder.o(.text)
    __rt_eh_globals_addr                     0x080017f9   Thumb Code    10  cpp_unwinder.o(.text)
    _double_round                            0x08001809   Thumb Code    30  depilogue.o(.text)
    _double_epilogue                         0x08001827   Thumb Code   156  depilogue.o(.text)
    __aeabi_dmul                             0x080018c3   Thumb Code   228  dmul.o(.text)
    __aeabi_ddiv                             0x080019a7   Thumb Code   222  ddiv.o(.text)
    __aeabi_d2ulz                            0x08001a85   Thumb Code    48  dfixul.o(.text)
    __aeabi_cdrcmple                         0x08001ab5   Thumb Code    48  cdrcmple.o(.text)
    std::terminate()                         0x08001ae5   Thumb Code    26  arm_exceptions_terminate.o(.text)
    __cxa_get_globals                        0x08001b07   Thumb Code    62  arm_exceptions_globs.o(.text)
    __scatterload                            0x08001b51   Thumb Code    28  init.o(.text)
    __scatterload_rt2                        0x08001b51   Thumb Code     0  init.o(.text)
    __rt_ctype_table                         0x08001b75   Thumb Code     4  ctype_o.o(.text)
    isspace                                  0x08001b7d   Thumb Code    18  isspace_o.o(.text)
    ____aeabi_memcpy4$ret$move               0x08001b8f   Thumb Code     0  memmove.o(.text)
    ____aeabi_memcpy8$ret$move               0x08001b8f   Thumb Code     0  memmove.o(.text)
    ___aeabi_memmove8$ret                    0x08001b8f   Thumb Code     0  memmove.o(.text)
    __aeabi_memcpy                           0x08001b8f   Thumb Code    66  memmove.o(.text)
    __aeabi_memmove                          0x08001b8f   Thumb Code     0  memmove.o(.text)
    __aeabi_memmove4                         0x08001b8f   Thumb Code     0  memmove.o(.text)
    memcpy                                   0x08001b8f   Thumb Code     0  memmove.o(.text)
    memmove                                  0x08001b8f   Thumb Code     0  memmove.o(.text)
    __vfscanf                                0x08001bd1   Thumb Code   808  _scanf.o(.text)
    __ARM_exceptions_buffer_init             0x08001efd   Thumb Code    18  arm_exceptions_mem.o(.text)
    __ARM_exceptions_buffer_allocate         0x08001f0f   Thumb Code    22  arm_exceptions_mem.o(.text)
    __ARM_exceptions_buffer_free             0x08001f25   Thumb Code    20  arm_exceptions_mem.o(.text)
    __decompress                             0x08001f39   Thumb Code     0  __dczerorl2.o(.text)
    __decompress1                            0x08001f39   Thumb Code    86  __dczerorl2.o(.text)
    main                                     0x08001f8f   Thumb Code    18  retarget.o(i.$Sub$$main)
    HAL_GPIO_Init                            0x08001fa9   Thumb Code   494  stm32f4xx_hal_gpio.o(i.HAL_GPIO_Init)
    HAL_GetTick                              0x080021b1   Thumb Code     6  stm32f4xx_hal.o(i.HAL_GetTick)
    HAL_IncTick                              0x080021bd   Thumb Code    10  stm32f4xx_hal.o(i.HAL_IncTick)
    HAL_Init                                 0x080021cd   Thumb Code    48  stm32f4xx_hal.o(i.HAL_Init)
    HAL_InitTick                             0x08002201   Thumb Code   142  hal_tick.o(i.HAL_InitTick)
    HAL_MspInit                              0x080022b5   Thumb Code     2  stm32f4xx_hal_msp_template.o(i.HAL_MspInit)
    HAL_NVIC_SetPriorityGrouping             0x080022b9   Thumb Code    30  stm32f4xx_hal_cortex.o(i.HAL_NVIC_SetPriorityGrouping)
    HAL_RCC_ClockConfig                      0x080022dd   Thumb Code   554  stm32f4xx_hal_rcc.o(i.HAL_RCC_ClockConfig)
    HAL_RCC_GetPCLK1Freq                     0x08002515   Thumb Code    64  stm32f4xx_hal_rcc.o(i.HAL_RCC_GetPCLK1Freq)
    HAL_RCC_GetPCLK2Freq                     0x08002561   Thumb Code    64  stm32f4xx_hal_rcc.o(i.HAL_RCC_GetPCLK2Freq)
    HAL_RCC_GetSysClockFreq                  0x080025ad   Thumb Code   132  stm32f4xx_hal_rcc.o(i.HAL_RCC_GetSysClockFreq)
    HAL_RCC_OscConfig                        0x08002641   Thumb Code   932  stm32f4xx_hal_rcc.o(i.HAL_RCC_OscConfig)
    HAL_SPI_Init                             0x08002a0d   Thumb Code   132  stm32f4xx_hal_spi.o(i.HAL_SPI_Init)
    HAL_SPI_MspInit                          0x08002a91   Thumb Code     2  stm32f4xx_hal_spi.o(i.HAL_SPI_MspInit)
    HAL_TIM_OC_Init                          0x08002a93   Thumb Code    54  stm32f4xx_hal_tim.o(i.HAL_TIM_OC_Init)
    HAL_TIM_OC_MspInit                       0x08002ac9   Thumb Code     2  stm32f4xx_hal_tim.o(i.HAL_TIM_OC_MspInit)
    HAL_TIM_OC_Start                         0x08002acb   Thumb Code    54  stm32f4xx_hal_tim.o(i.HAL_TIM_OC_Start)
    HAL_UART_Init                            0x08002b01   Thumb Code    94  stm32f4xx_hal_uart.o(i.HAL_UART_Init)
    HAL_UART_MspInit                         0x08002b5f   Thumb Code     2  stm32f4xx_hal_uart.o(i.HAL_UART_MspInit)
    NVIC_SetVector                           0x08002b61   Thumb Code    98  cmsis_nvic.o(i.NVIC_SetVector)
    SetSysClock_PLL_HSE                      0x08002bc9   Thumb Code   128  system_stm32f4xx.o(i.SetSysClock_PLL_HSE)
    Set_GPIO_Clock                           0x08002c51   Thumb Code   142  pinmap.o(i.Set_GPIO_Clock)
    SystemCoreClockUpdate                    0x08002d01   Thumb Code   112  system_stm32f4xx.o(i.SystemCoreClockUpdate)
    SystemInit                               0x08002d85   Thumb Code   224  system_stm32f4xx.o(i.SystemInit)
    TIM_Base_SetConfig                       0x08002e91   Thumb Code   132  stm32f4xx_hal_tim.o(i.TIM_Base_SetConfig)
    PCD8544LCD::~PCD8544LCD()                0x0800313d   Thumb Code     4  screen.o(i._ZN10PCD8544LCDD1Ev)
    PCD8544LCD::~PCD8544LCD__sub_object()    0x0800313d   Thumb Code     0  screen.o(i._ZN10PCD8544LCDD1Ev)
    mbed::DigitalOut::DigitalOut(PinName)    0x08003141   Thumb Code    28  nokia_5110.o(i._ZN4mbed10DigitalOutC1E7PinName)
    mbed::DigitalOut::DigitalOut__sub_object(PinName) 0x08003141   Thumb Code     0  nokia_5110.o(i._ZN4mbed10DigitalOutC1E7PinName)
    mbed::DigitalOut::operator =(int)        0x0800315d   Thumb Code    66  pcd8544lcd.o(i._ZN4mbed10DigitalOutaSEi)
    mbed::FileHandle::~FileHandle()          0x080031bd   Thumb Code     0  retarget.o(i._ZN4mbed10FileHandleD2Ev)
    mbed::FileHandle::~FileHandle__sub_object() 0x080031bd   Thumb Code    38  retarget.o(i._ZN4mbed10FileHandleD2Ev)
    mbed::SerialBase::_base_putc(int)        0x080031ed   Thumb Code    14  SerialBase.o(i._ZN4mbed10SerialBase10_base_putcEi)
    mbed::SerialBase::_irq_handler(unsigned, SerialIrq) 0x080031fb   Thumb Code    42  SerialBase.o(i._ZN4mbed10SerialBase12_irq_handlerEj9SerialIrq)
    mbed::SerialBase::baud(int)              0x08003225   Thumb Code    16  SerialBase.o(i._ZN4mbed10SerialBase4baudEi)
    mbed::SerialBase::SerialBase(PinName, PinName) 0x08003235   Thumb Code    72  SerialBase.o(i._ZN4mbed10SerialBaseC1E7PinNameS1_)
    mbed::SerialBase::SerialBase__sub_object(PinName, PinName) 0x08003235   Thumb Code     0  SerialBase.o(i._ZN4mbed10SerialBaseC1E7PinNameS1_)
    mbed::InterruptIn::_irq_handler(unsigned, gpio_irq_event) 0x08003289   Thumb Code    66  InterruptIn.o(i._ZN4mbed11InterruptIn12_irq_handlerEj14gpio_irq_event)
    mbed::InterruptIn::fall(void(*)())       0x080032cb   Thumb Code    28  InterruptIn.o(i._ZN4mbed11InterruptIn4fallEPFvvE)
    mbed::InterruptIn::mode(PinMode)         0x080032e7   Thumb Code     6  InterruptIn.o(i._ZN4mbed11InterruptIn4modeE7PinMode)
    mbed::InterruptIn::InterruptIn(PinName)  0x080032ed   Thumb Code    60  InterruptIn.o(i._ZN4mbed11InterruptInC1E7PinName)
    mbed::InterruptIn::InterruptIn__sub_object(PinName) 0x080032ed   Thumb Code     0  InterruptIn.o(i._ZN4mbed11InterruptInC1E7PinName)
    mbed::InterruptIn::~InterruptIn()        0x08003331   Thumb Code    20  InterruptIn.o(i._ZN4mbed11InterruptInD1Ev)
    mbed::InterruptIn::~InterruptIn__sub_object() 0x08003331   Thumb Code     0  InterruptIn.o(i._ZN4mbed11InterruptInD1Ev)
    mbed::mbed_set_unbuffered_stream(std::__FILE*) 0x08003349   Thumb Code     6  retarget.o(i._ZN4mbed26mbed_set_unbuffered_streamEPSt6__FILE)
    mbed::SPI::write(int)                    0x08003351   Thumb Code    48  SPI.o(i._ZN4mbed3SPI5writeEi)
    mbed::SPI::format(int, int)              0x08003385   Thumb Code    32  SPI.o(i._ZN4mbed3SPI6formatEii)
    mbed::SPI::frequency(int)                0x080033a9   Thumb Code    36  SPI.o(i._ZN4mbed3SPI9frequencyEi)
    mbed::SPI::SPI(PinName, PinName, PinName, PinName) 0x080033d1   Thumb Code    74  SPI.o(i._ZN4mbed3SPIC1E7PinNameS1_S1_S1_)
    mbed::SPI::SPI__sub_object(PinName, PinName, PinName, PinName) 0x080033d1   Thumb Code     0  SPI.o(i._ZN4mbed3SPIC1E7PinNameS1_S1_S1_)
    mbed::Serial::Serial(PinName, PinName, const char*) 0x08003425   Thumb Code    32  Serial.o(i._ZN4mbed6SerialC1E7PinNameS1_PKc)
    mbed::Serial::Serial__sub_object(PinName, PinName, const char*) 0x08003425   Thumb Code     0  Serial.o(i._ZN4mbed6SerialC1E7PinNameS1_PKc)
    mbed::Serial::~Serial()                  0x08003449   Thumb Code    12  Serial.o(i._ZN4mbed6SerialD1Ev)
    mbed::Serial::~Serial__sub_object()      0x08003449   Thumb Code     0  Serial.o(i._ZN4mbed6SerialD1Ev)
    mbed::Stream::close()                    0x08003455   Thumb Code     4  Stream.o(i._ZN4mbed6Stream5closeEv)
    mbed::Stream::lseek(long, int)           0x08003459   Thumb Code     4  Stream.o(i._ZN4mbed6Stream5lseekEli)
    mbed::Stream::write(const void*, unsigned) 0x0800345d   Thumb Code    42  Stream.o(i._ZN4mbed6Stream5writeEPKvj)
    mbed::Stream::printf(const char*, ...)   0x08003487   Thumb Code    30  Stream.o(i._ZN4mbed6Stream6printfEPKcz)
    mbed::Stream::Stream__sub_object(const char*) 0x080034a5   Thumb Code    52  Stream.o(i._ZN4mbed6StreamC2EPKc)
    mbed::Stream::~Stream()                  0x080034e5   Thumb Code     0  Stream.o(i._ZN4mbed6StreamD2Ev)
    mbed::Stream::~Stream__sub_object()      0x080034e5   Thumb Code    28  Stream.o(i._ZN4mbed6StreamD2Ev)
    mbed::FileBase::getPathType()            0x08003505   Thumb Code     4  FileBase.o(i._ZN4mbed8FileBase11getPathTypeEv)
    mbed::FileBase::lookup(const char*, unsigned) 0x08003509   Thumb Code    50  FileBase.o(i._ZN4mbed8FileBase6lookupEPKcj)
    mbed::FileBase::FileBase(const char*, mbed::PathType) 0x08003541   Thumb Code    28  FileBase.o(i._ZN4mbed8FileBaseC1EPKcNS_8PathTypeE)
    mbed::FileBase::FileBase__sub_object(const char*, mbed::PathType) 0x08003541   Thumb Code     0  FileBase.o(i._ZN4mbed8FileBaseC1EPKcNS_8PathTypeE)
    mbed::FileBase::~FileBase()              0x08003565   Thumb Code    46  FileBase.o(i._ZN4mbed8FileBaseD1Ev)
    mbed::FileBase::~FileBase__sub_object()  0x08003565   Thumb Code     0  FileBase.o(i._ZN4mbed8FileBaseD1Ev)
    mbed::FileLike::FileLike__sub_object(const char*) 0x0800359d   Thumb Code    26  FileLike.o(i._ZN4mbed8FileLikeC2EPKc)
    mbed::FileLike::~FileLike()              0x080035c1   Thumb Code     0  FileLike.o(i._ZN4mbed8FileLikeD2Ev)
    mbed::FileLike::~FileLike__sub_object()  0x080035c1   Thumb Code    18  FileLike.o(i._ZN4mbed8FileLikeD2Ev)
    mbed::FilePath::fileSystem()             0x080035d3   Thumb Code    24  FilePath.o(i._ZN4mbed8FilePath10fileSystemEv)
    mbed::FilePath::file()                   0x080035eb   Thumb Code    28  FilePath.o(i._ZN4mbed8FilePath4fileEv)
    mbed::FilePath::exists()                 0x08003607   Thumb Code    10  FilePath.o(i._ZN4mbed8FilePath6existsEv)
    mbed::FilePath::isFile()                 0x08003611   Thumb Code    24  FilePath.o(i._ZN4mbed8FilePath6isFileEv)
    mbed::FilePath::fileName()               0x08003629   Thumb Code     4  FilePath.o(i._ZN4mbed8FilePath8fileNameEv)
    mbed::FilePath::FilePath(const char*)    0x0800362d   Thumb Code    64  FilePath.o(i._ZN4mbed8FilePathC1EPKc)
    mbed::FilePath::FilePath__sub_object(const char*) 0x0800362d   Thumb Code     0  FilePath.o(i._ZN4mbed8FilePathC1EPKc)
    thunk{-84} to mbed::Serial::_putc(int)   0x0800366d   Thumb Code     6  Serial.o(i._ZThn84_N4mbed6Serial5_putcEi)
    operator delete[] (void*)                0x08003673   Thumb Code     8  array_del.o(i._ZdaPv)
    operator delete (void*)                  0x0800367b   Thumb Code     8  delete.o(i._ZdlPv)
    operator new[] (unsigned)                0x08003683   Thumb Code     8  array_new.o(i._Znaj)
    operator new(unsigned)                   0x0800368d   Thumb Code    34  new.o(i._Znwj)
    __0fprintf                               0x080036b5   Thumb Code    22  printfa.o(i.__0fprintf)
    __1fprintf                               0x080036b5   Thumb Code     0  printfa.o(i.__0fprintf)
    __2fprintf                               0x080036b5   Thumb Code     0  printfa.o(i.__0fprintf)
    __c89fprintf                             0x080036b5   Thumb Code     0  printfa.o(i.__0fprintf)
    fprintf                                  0x080036b5   Thumb Code     0  printfa.o(i.__0fprintf)
    __0snprintf                              0x080036d1   Thumb Code    36  printfa.o(i.__0snprintf)
    __1snprintf                              0x080036d1   Thumb Code     0  printfa.o(i.__0snprintf)
    __2snprintf                              0x080036d1   Thumb Code     0  printfa.o(i.__0snprintf)
    __c89snprintf                            0x080036d1   Thumb Code     0  printfa.o(i.__0snprintf)
    snprintf                                 0x080036d1   Thumb Code     0  printfa.o(i.__0snprintf)
    __0sprintf                               0x080036f9   Thumb Code    34  printfa.o(i.__0sprintf)
    __1sprintf                               0x080036f9   Thumb Code     0  printfa.o(i.__0sprintf)
    __2sprintf                               0x080036f9   Thumb Code     0  printfa.o(i.__0sprintf)
    __c89sprintf                             0x080036f9   Thumb Code     0  printfa.o(i.__0sprintf)
    sprintf                                  0x080036f9   Thumb Code     0  printfa.o(i.__0sprintf)
    __0vfprintf                              0x08003721   Thumb Code    20  printfa.o(i.__0vfprintf)
    __1vfprintf                              0x08003721   Thumb Code     0  printfa.o(i.__0vfprintf)
    __2vfprintf                              0x08003721   Thumb Code     0  printfa.o(i.__0vfprintf)
    __c89vfprintf                            0x08003721   Thumb Code     0  printfa.o(i.__0vfprintf)
    vfprintf                                 0x08003721   Thumb Code     0  printfa.o(i.__0vfprintf)
    __aeabi_atexit                           0x08003739   Thumb Code    50  aeabi_atexit.o(i.__aeabi_atexit)
    __aeabi_vec_ctor_nocookie_nodtor         0x0800376b   Thumb Code    36  aeabi_vec_ctor_nocookie_nodtor.o(i.__aeabi_vec_ctor_nocookie_nodtor)
    __cxa_finalize                           0x0800378f   Thumb Code    66  cxa_finalize.o(i.__cxa_finalize)
    __cxa_pure_virtual                       0x080037d1   Thumb Code     6  pure_virt.o(i.__cxa_pure_virtual)
    __scatterload_copy                       0x080037d7   Thumb Code    14  handlers.o(i.__scatterload_copy)
    __scatterload_null                       0x080037e5   Thumb Code     2  handlers.o(i.__scatterload_null)
    __scatterload_zeroinit                   0x080037e7   Thumb Code    14  handlers.o(i.__scatterload_zeroinit)
    fclose                                   0x0800384d   Thumb Code     6  fclose_f.o(i._fclose$full)
    fflush                                   0x08003853   Thumb Code    24  fflush_f.o(i._fflush$full)
    fopen                                    0x0800386b   Thumb Code    40  fopen_f.o(i._fopen$full)
    freopen                                  0x080039f9   Thumb Code    94  fopen_f.o(i._freopen$full)
    _sys_close                               0x080041a9   Thumb Code    40  retarget.o(i._sys_close)
    _sys_open                                0x080041d5   Thumb Code   212  retarget.o(i._sys_open)
    _sys_seek                                0x080042b9   Thumb Code    36  retarget.o(i._sys_seek)
    _sys_write                               0x080042e1   Thumb Code    82  retarget.o(i._sys_write)
    error                                    0x08004341   Thumb Code    20  error.o(i.error)
    exit                                     0x08004359   Thumb Code    24  retarget.o(i.exit)
    free                                     0x08004379   Thumb Code    76  malloc.o(i.free)
    gpio_dir                                 0x080043c9   Thumb Code    52  gpio_api.o(i.gpio_dir)
    gpio_init                                0x08004419   Thumb Code    56  gpio_api.o(i.gpio_init)
    gpio_init_in                             0x08004451   Thumb Code    38  gpio.o(i.gpio_init_in)
    gpio_init_out                            0x08004479   Thumb Code    66  gpio.o(i.gpio_init_out)
    gpio_irq_free                            0x080044f9   Thumb Code    68  gpio_irq_api.o(i.gpio_irq_free)
    gpio_irq_init                            0x08004545   Thumb Code   252  gpio_irq_api.o(i.gpio_irq_init)
    gpio_irq_set                             0x08004691   Thumb Code   114  gpio_irq_api.o(i.gpio_irq_set)
    gpio_mode                                0x08004703   Thumb Code     8  gpio_api.o(i.gpio_mode)
    malloc                                   0x080047d9   Thumb Code    92  malloc.o(i.malloc)
    mbed_assert_internal                     0x08004845   Thumb Code    24  assert.o(i.mbed_assert_internal)
    mbed_die                                 0x08004895   Thumb Code    16  board.o(i.mbed_die)
    mbed_main                                0x080048a5   Thumb Code     2  retarget.o(i.mbed_main)
    mbed_sdk_init                            0x080048a7   Thumb Code    14  mbed_overrides.o(i.mbed_sdk_init)
    pin_function                             0x080048b5   Thumb Code    78  pinmap.o(i.pin_function)
    pin_mode                                 0x08004921   Thumb Code    62  pinmap.o(i.pin_mode)
    pinmap_merge                             0x08004979   Thumb Code    34  pinmap_common.o(i.pinmap_merge)
    pinmap_peripheral                        0x080049b1   Thumb Code    58  pinmap_common.o(i.pinmap_peripheral)
    pinmap_pinout                            0x08004a0d   Thumb Code    66  pinmap_common.o(i.pinmap_pinout)
    serial_baud                              0x08004a65   Thumb Code    62  serial_api.o(i.serial_baud)
    serial_init                              0x08004aa9   Thumb Code   318  serial_api.o(i.serial_init)
    serial_irq_handler                       0x08004c25   Thumb Code    14  serial_api.o(i.serial_irq_handler)
    serial_putc                              0x08004c3d   Thumb Code    30  serial_api.o(i.serial_putc)
    spi_format                               0x08004c61   Thumb Code    94  spi_api.o(i.spi_format)
    spi_frequency                            0x08004cc1   Thumb Code   314  spi_api.o(i.spi_frequency)
    spi_init                                 0x08004e21   Thumb Code   328  spi_api.o(i.spi_init)
    spi_master_write                         0x08004f9d   Thumb Code    44  spi_api.o(i.spi_master_write)
    ticker_irq_handler                       0x08004fcd   Thumb Code    78  ticker_api.o(i.ticker_irq_handler)
    timer_irq_handler                        0x0800501d   Thumb Code    70  hal_tick.o(i.timer_irq_handler)
    us_ticker_clear_interrupt                0x0800506d   Thumb Code    12  us_ticker.o(i.us_ticker_clear_interrupt)
    us_ticker_disable_interrupt              0x0800507d   Thumb Code    14  us_ticker.o(i.us_ticker_disable_interrupt)
    us_ticker_init                           0x08005091   Thumb Code    26  us_ticker.o(i.us_ticker_init)
    us_ticker_irq_handler                    0x080050b9   Thumb Code     6  us_ticker_api.o(i.us_ticker_irq_handler)
    us_ticker_read                           0x080050c5   Thumb Code    30  us_ticker.o(i.us_ticker_read)
    us_ticker_set_interrupt                  0x080050f5   Thumb Code    16  us_ticker.o(i.us_ticker_set_interrupt)
    wait                                     0x08005109   Thumb Code    36  wait_api.o(i.wait)
    wait_ms                                  0x08005131   Thumb Code    28  wait_api.o(i.wait_ms)
    __rw::__rw_locale_vector<__rw::__rw_cat*>::~__rw_locale_vector() 0x0800514d   Thumb Code    14  rwcats.o(t._ZN4__rw18__rw_locale_vectorIPNS_8__rw_catEED1Ev)
    __rw::__rw_locale_vector<__rw::__rw_cat*>::~__rw_locale_vector__sub_object() 0x0800514d   Thumb Code     0  rwcats.o(t._ZN4__rw18__rw_locale_vectorIPNS_8__rw_catEED1Ev)
    font_6x8                                 0x0800595c   Data         576  font_6x8.o(.constdata)
    font_8x8                                 0x08005b9c   Data        1792  font_8x8.o(.constdata)
    font_8x12                                0x0800629c   Data        2688  font_8x12.o(.constdata)
    font_16x20                               0x08006d1c   Data         440  font_16x20.o(.constdata)
    APBAHBPrescTable                         0x08006ed4   Data          16  stm32f4xx_hal_rcc.o(.constdata)
    AHBPrescTable                            0x08006ee4   Data          16  system_stm32f4xx.o(.constdata)
    PinMap_UART_TX                           0x0800707c   Data          84  PeripheralPins.o(.constdata)
    PinMap_UART_RX                           0x080070d0   Data          84  PeripheralPins.o(.constdata)
    PinMap_SPI_MOSI                          0x08007124   Data         108  PeripheralPins.o(.constdata)
    PinMap_SPI_MISO                          0x08007190   Data          96  PeripheralPins.o(.constdata)
    PinMap_SPI_SCLK                          0x080071f0   Data          96  PeripheralPins.o(.constdata)
    PinMap_SPI_SSEL                          0x08007250   Data          72  PeripheralPins.o(.constdata)
    __ctype_table                            0x080073b9   Data         129  ctype_o.o(.constdata)
    vtable for mbed::FileHandle              0x08007440   Data          44  retarget.o(.constdata__ZTVN4mbed10FileHandleE)
    vtable for mbed::SerialBase              0x0800746c   Data          16  SerialBase.o(.constdata__ZTVN4mbed10SerialBaseE)
    vtable for mbed::InterruptIn             0x0800747c   Data          16  InterruptIn.o(.constdata__ZTVN4mbed11InterruptInE)
    vtable for mbed::SPI                     0x0800748c   Data          20  SPI.o(.constdata__ZTVN4mbed3SPIE)
    vtable for mbed::Serial                  0x080074a0   Data          92  Serial.o(.constdata__ZTVN4mbed6SerialE)
    vtable for mbed::Stream                  0x080074fc   Data          68  Stream.o(.constdata__ZTVN4mbed6StreamE)
    vtable for mbed::FileBase                0x08007540   Data          16  FileBase.o(.constdata__ZTVN4mbed8FileBaseE)
    vtable for mbed::FileLike                0x08007550   Data          60  FileLike.o(.constdata__ZTVN4mbed8FileLikeE)
    Region$$Table$$Base                      0x080075d0   Number         0  anon$$obj.o(Region$$Table)
    Region$$Table$$Limit                     0x080075f0   Number         0  anon$$obj.o(Region$$Table)
    SHT$$INIT_ARRAY$$Base                    0x080075f0   Number         0  main.o(.init_array)
    SHT$$INIT_ARRAY$$Limit                   0x08007604   Number         0  rwcats.o(.init_array)
    screen                                   0x20000198   Data           1  main.o(.data)
    hall                                     0x20000199   Data           1  main.o(.data)
    a                                        0x2000019c   Data           4  main.o(.data)
    counter                                  0x200001a0   Data           4  main.o(.data)
    dnn                                      0x200001a4   Data           1  screen.o(.data)
    font_16x24                               0x200001a5   Data         624  pcd8544lcd.o(.data)
    SystemCoreClock                          0x20000420   Data           4  system_stm32f4xx.o(.data)
    PreviousVal                              0x20000424   Data           4  hal_tick.o(.data)
    stdio_uart_inited                        0x20000428   Data           4  serial_api.o(.data)
    mbed::SPI::_owner                        0x20000430   Data           4  SPI.o(.data)
    mbed::FileBase::_head                    0x20000484   Data           4  FileBase.o(.data)
    std::ctype<char>::id                     0x20000488   Data           4  char.o(.data)
    std::ctype<wchar_t>::id                  0x2000048c   Data           4  char.o(.data)
    std::locale::_C_classic                  0x20000498   Data           4  locale.o(.data)
    std::locale::_C_native                   0x2000049c   Data           4  locale.o(.data)
    std::locale::_C_global                   0x200004a0   Data           4  locale.o(.data)
    std::codecvt<char, char, std::__mbstate_t>::id 0x200004a4   Data           4  locale.o(.data)
    std::codecvt<wchar_t, char, std::__mbstate_t>::id 0x200004a8   Data           4  locale.o(.data)
    __microlib_freelist                      0x200004c4   Data           4  mvars.o(.data)
    __microlib_freelist_initialised          0x200004c8   Data           4  mvars.o(.data)
    myled                                    0x200004cc   Data          16  main.o(.bss)
    pc                                       0x200004dc   Data         108  main.o(.bss)
    speedHall                                0x20000548   Data          84  main.o(.bss)
    p                                        0x2000059c   Data         624  screen.o(.bss)
    TimMasterHandle                          0x2000084c   Data          60  hal_tick.o(.bss)
    UartHandle                               0x200008a8   Data          64  serial_api.o(.bss)
    stdio_uart                               0x200008e8   Data          28  serial_api.o(.bss)
    __stdout                                 0x20000bac   Data          20  stdout_f.o(.bss)
    __stderr                                 0x20000bc0   Data          20  stderr_f.o(.bss)
    __heap_base                              0x20000bd8   Data           0  startup_stm32f411xe.o(HEAP)
    Image$$RW_IRAM1$$ZI$$Limit               0x20000fd8   Number         0  anon$$obj.o ABSOLUTE
    __heap_limit                             0x2001fc00   Number         0  startup_stm32f411xe.o ABSOLUTE
    __initial_sp                             0x20020000   Number         0  startup_stm32f411xe.o ABSOLUTE



==============================================================================

Memory Map of the image

  Image Entry point : 0x08000199

  Load Region LR_IROM1 (Base: 0x08000000, Size: 0x00007938, Max: 0x00080000, ABSOLUTE, COMPRESSED[0x00007710])

    Execution Region ER_IROM1 (Base: 0x08000000, Size: 0x00007604, Max: 0x00080000, ABSOLUTE)

    Base Addr    Size         Type   Attr      Idx    E Section Name        Object

    0x08000000   0x00000198   Data   RO         3101    RESET               startup_stm32f411xe.o
    0x08000198   0x00000000   Code   RO         4295  * .ARM.Collect$$$$00000000  mc_w.l(entry.o)
    0x08000198   0x00000004   Code   RO         5220    .ARM.Collect$$$$00000001  mc_w.l(entry2.o)
    0x0800019c   0x00000004   Code   RO         5223    .ARM.Collect$$$$00000004  mc_w.l(entry5.o)
    0x080001a0   0x00000004   Code   RO         4297    .ARM.Collect$$$$00000006  mc_w.l(entry6b.o)
    0x080001a4   0x00000000   Code   RO         5225    .ARM.Collect$$$$00000008  mc_w.l(entry7b.o)
    0x080001a4   0x00000004   Code   RO         5226    .ARM.Collect$$$$00000009  mc_w.l(entry8a.o)
    0x080001a8   0x00000000   Code   RO         5227    .ARM.Collect$$$$0000000A  mc_w.l(entry8b.o)
    0x080001a8   0x00000008   Code   RO         5228    .ARM.Collect$$$$0000000B  mc_w.l(entry9a.o)
    0x080001b0   0x00000000   Code   RO         5230    .ARM.Collect$$$$0000000D  mc_w.l(entry10a.o)
    0x080001b0   0x00000000   Code   RO         5232    .ARM.Collect$$$$0000000F  mc_w.l(entry11a.o)
    0x080001b0   0x00000004   Code   RO         5221    .ARM.Collect$$$$00002712  mc_w.l(entry2.o)
    0x080001b4   0x000000c8   Code   RO            3    .text               main.o
    0x0800027c   0x00000288   Code   RO          454    .text               bignum.o
    0x08000504   0x00000002   Code   RO          523    .text               hall.o
    0x08000506   0x00000002   PAD
    0x08000508   0x00000164   Code   RO          540    .text               screen.o
    0x0800066c   0x00000c1c   Code   RO          684    .text               pcd8544lcd.o
    0x08001288   0x00000024   Code   RO         3102    .text               startup_stm32f411xe.o
    0x080012ac   0x00000020   Code   RO         4341    .text               mc_w.l(initio_oe.o)
    0x080012cc   0x00000028   Code   RO         4347    .text               mc_w.l(fputc_fp.o)
    0x080012f4   0x00000002   Code   RO         4357    .text               mc_w.l(setbuf.o)
    0x080012f6   0x00000024   Code   RO         4367    .text               mc_w.l(memseta.o)
    0x0800131a   0x0000000e   Code   RO         4371    .text               mc_w.l(strlen.o)
    0x08001328   0x0000001c   Code   RO         4373    .text               mc_w.l(strcmp.o)
    0x08001344   0x0000001e   Code   RO         4375    .text               mc_w.l(strncmp.o)
    0x08001362   0x00000002   PAD
    0x08001364   0x00000038   Code   RO         4644    .text               mc_w.l(__0sscanf.o)
    0x0800139c   0x0000014c   Code   RO         4646    .text               mc_w.l(_scanf_int.o)
    0x080014e8   0x00000020   Code   RO         4651    .text               mc_w.l(cpp_init.o)
    0x08001508   0x0000014e   Code   RO         4653    .text               mf_w.l(dadd.o)
    0x08001656   0x00000004   Code   RO         5132    .text               cpprt_w.l(arm_newhandler_noexceptions.o)
    0x0800165a   0x0000002c   Code   RO         5239    .text               mc_w.l(uidiv.o)
    0x08001686   0x00000062   Code   RO         5241    .text               mc_w.l(uldiv.o)
    0x080016e8   0x0000001e   Code   RO         5243    .text               mc_w.l(llshl.o)
    0x08001706   0x00000020   Code   RO         5245    .text               mc_w.l(llushr.o)
    0x08001726   0x00000024   Code   RO         5247    .text               mc_w.l(llsshr.o)
    0x0800174a   0x0000001c   Code   RO         5296    .text               mc_w.l(_chval.o)
    0x08001766   0x00000002   PAD
    0x08001768   0x00000028   Code   RO         5306    .text               mc_w.l(scanf_char.o)
    0x08001790   0x00000040   Code   RO         5308    .text               mc_w.l(_sgetc.o)
    0x080017d0   0x00000000   Code   RO         5312    .text               mc_w.l(iusefp.o)
    0x080017d0   0x00000008   Code   RO         5315    .text               mc_w.l(cpp_dtor.o)
    0x080017d8   0x00000002   Code   RO         5318    .text               mc_w.l(cpp_final.o)
    0x080017da   0x00000002   PAD
    0x080017dc   0x00000008   Code   RO         5320    .text               mc_w.l(cpp_memory.o)
    0x080017e4   0x00000002   Code   RO         5323    .text               mc_w.l(cpp_signal.o)
    0x080017e6   0x00000002   PAD
    0x080017e8   0x00000020   Code   RO         5325    .text               mc_w.l(cpp_unwinder.o)
    0x08001808   0x000000ba   Code   RO         5328    .text               mf_w.l(depilogue.o)
    0x080018c2   0x000000e4   Code   RO         5330    .text               mf_w.l(dmul.o)
    0x080019a6   0x000000de   Code   RO         5332    .text               mf_w.l(ddiv.o)
    0x08001a84   0x00000030   Code   RO         5340    .text               mf_w.l(dfixul.o)
    0x08001ab4   0x00000030   Code   RO         5342    .text               mf_w.l(cdrcmple.o)
    0x08001ae4   0x0000001a   Code   RO         5464    .text               cpprt_w.l(arm_exceptions_terminate.o)
    0x08001afe   0x00000002   PAD
    0x08001b00   0x00000050   Code   RO         5467    .text               cpprt_w.l(arm_exceptions_globs.o)
    0x08001b50   0x00000024   Code   RO         5473    .text               mc_w.l(init.o)
    0x08001b74   0x00000008   Code   RO         5477    .text               mc_w.l(ctype_o.o)
    0x08001b7c   0x00000012   Code   RO         5499    .text               mc_w.l(isspace_o.o)
    0x08001b8e   0x00000042   Code   RO         5513    .text               mc_w.l(memmove.o)
    0x08001bd0   0x0000032c   Code   RO         5529    .text               mc_w.l(_scanf.o)
    0x08001efc   0x0000003c   Code   RO         5549    .text               cpprt_w.l(arm_exceptions_mem.o)
    0x08001f38   0x00000056   Code   RO         5584    .text               mc_w.l(__dczerorl2.o)
    0x08001f8e   0x00000012   Code   RO         1369    i.$Sub$$main        retarget.o
    0x08001fa0   0x00000008   Code   RO         3550    i.<Func1>           mbed.ar(SerialBase.o)
    0x08001fa8   0x00000208   Code   RO         2513    i.HAL_GPIO_Init     stm32f4xx_hal_gpio.o
    0x080021b0   0x0000000c   Code   RO         2559    i.HAL_GetTick       stm32f4xx_hal.o
    0x080021bc   0x00000010   Code   RO         2560    i.HAL_IncTick       stm32f4xx_hal.o
    0x080021cc   0x00000034   Code   RO         2561    i.HAL_Init          stm32f4xx_hal.o
    0x08002200   0x000000b4   Code   RO         2910    i.HAL_InitTick      hal_tick.o
    0x080022b4   0x00000002   Code   RO         2803    i.HAL_MspInit       stm32f4xx_hal_msp_template.o
    0x080022b6   0x00000002   PAD
    0x080022b8   0x00000024   Code   RO         1787    i.HAL_NVIC_SetPriorityGrouping  stm32f4xx_hal_cortex.o
    0x080022dc   0x00000238   Code   RO         2354    i.HAL_RCC_ClockConfig  stm32f4xx_hal_rcc.o
    0x08002514   0x0000004c   Code   RO         2361    i.HAL_RCC_GetPCLK1Freq  stm32f4xx_hal_rcc.o
    0x08002560   0x0000004c   Code   RO         2362    i.HAL_RCC_GetPCLK2Freq  stm32f4xx_hal_rcc.o
    0x080025ac   0x00000094   Code   RO         2363    i.HAL_RCC_GetSysClockFreq  stm32f4xx_hal_rcc.o
    0x08002640   0x000003cc   Code   RO         2366    i.HAL_RCC_OscConfig  stm32f4xx_hal_rcc.o
    0x08002a0c   0x00000084   Code   RO         2438    i.HAL_SPI_Init      stm32f4xx_hal_spi.o
    0x08002a90   0x00000002   Code   RO         2440    i.HAL_SPI_MspInit   stm32f4xx_hal_spi.o
    0x08002a92   0x00000036   Code   RO         1999    i.HAL_TIM_OC_Init   stm32f4xx_hal_tim.o
    0x08002ac8   0x00000002   Code   RO         2001    i.HAL_TIM_OC_MspInit  stm32f4xx_hal_tim.o
    0x08002aca   0x00000036   Code   RO         2002    i.HAL_TIM_OC_Start  stm32f4xx_hal_tim.o
    0x08002b00   0x0000005e   Code   RO         2722    i.HAL_UART_Init     stm32f4xx_hal_uart.o
    0x08002b5e   0x00000002   Code   RO         2724    i.HAL_UART_MspInit  stm32f4xx_hal_uart.o
    0x08002b60   0x00000068   Code   RO         2256    i.NVIC_SetVector    cmsis_nvic.o
    0x08002bc8   0x00000088   Code   RO         2598    i.SetSysClock_PLL_HSE  system_stm32f4xx.o
    0x08002c50   0x000000b0   Code   RO         3728    i.Set_GPIO_Clock    mbed.ar(pinmap.o)
    0x08002d00   0x00000084   Code   RO         2600    i.SystemCoreClockUpdate  system_stm32f4xx.o
    0x08002d84   0x0000010c   Code   RO         2601    i.SystemInit        system_stm32f4xx.o
    0x08002e90   0x00000094   Code   RO         2036    i.TIM_Base_SetConfig  stm32f4xx_hal_tim.o
    0x08002f24   0x00000218   Code   RO         2740    i.UART_SetConfig    stm32f4xx_hal_uart.o
    0x0800313c   0x00000004   Code   RO          560    i._ZN10PCD8544LCDD1Ev  screen.o
    0x08003140   0x0000001c   Code   RO          626    i._ZN4mbed10DigitalOutC1E7PinName  nokia_5110.o
    0x0800315c   0x00000060   Code   RO          709    i._ZN4mbed10DigitalOutaSEi  pcd8544lcd.o
    0x080031bc   0x00000030   Code   RO         1371    i._ZN4mbed10FileHandleD2Ev  retarget.o
    0x080031ec   0x0000000e   Code   RO         3552    i._ZN4mbed10SerialBase10_base_putcEi  mbed.ar(SerialBase.o)
    0x080031fa   0x0000002a   Code   RO         3554    i._ZN4mbed10SerialBase12_irq_handlerEj9SerialIrq  mbed.ar(SerialBase.o)
    0x08003224   0x00000010   Code   RO         3555    i._ZN4mbed10SerialBase4baudEi  mbed.ar(SerialBase.o)
    0x08003234   0x00000054   Code   RO         3560    i._ZN4mbed10SerialBaseC1E7PinNameS1_  mbed.ar(SerialBase.o)
    0x08003288   0x00000042   Code   RO         3436    i._ZN4mbed11InterruptIn12_irq_handlerEj14gpio_irq_event  mbed.ar(InterruptIn.o)
    0x080032ca   0x0000001c   Code   RO         3437    i._ZN4mbed11InterruptIn4fallEPFvvE  mbed.ar(InterruptIn.o)
    0x080032e6   0x00000006   Code   RO         3438    i._ZN4mbed11InterruptIn4modeE7PinMode  mbed.ar(InterruptIn.o)
    0x080032ec   0x00000044   Code   RO         3441    i._ZN4mbed11InterruptInC1E7PinName  mbed.ar(InterruptIn.o)
    0x08003330   0x00000018   Code   RO         3443    i._ZN4mbed11InterruptInD1Ev  mbed.ar(InterruptIn.o)
    0x08003348   0x00000006   Code   RO         1372    i._ZN4mbed26mbed_set_unbuffered_streamEPSt6__FILE  retarget.o
    0x0800334e   0x00000002   PAD
    0x08003350   0x00000034   Code   RO         3476    i._ZN4mbed3SPI5writeEi  mbed.ar(SPI.o)
    0x08003384   0x00000024   Code   RO         3478    i._ZN4mbed3SPI6formatEii  mbed.ar(SPI.o)
    0x080033a8   0x00000028   Code   RO         3479    i._ZN4mbed3SPI9frequencyEi  mbed.ar(SPI.o)
    0x080033d0   0x00000054   Code   RO         3480    i._ZN4mbed3SPIC1E7PinNameS1_S1_S1_  mbed.ar(SPI.o)
    0x08003424   0x00000024   Code   RO         3508    i._ZN4mbed6SerialC1E7PinNameS1_PKc  mbed.ar(Serial.o)
    0x08003448   0x0000000c   Code   RO         3526    i._ZN4mbed6SerialD1Ev  mbed.ar(Serial.o)
    0x08003454   0x00000004   Code   RO         3601    i._ZN4mbed6Stream5closeEv  mbed.ar(Stream.o)
    0x08003458   0x00000004   Code   RO         3603    i._ZN4mbed6Stream5lseekEli  mbed.ar(Stream.o)
    0x0800345c   0x0000002a   Code   RO         3605    i._ZN4mbed6Stream5writeEPKvj  mbed.ar(Stream.o)
    0x08003486   0x0000001e   Code   RO         3607    i._ZN4mbed6Stream6printfEPKcz  mbed.ar(Stream.o)
    0x080034a4   0x00000040   Code   RO         3608    i._ZN4mbed6StreamC2EPKc  mbed.ar(Stream.o)
    0x080034e4   0x00000020   Code   RO         3610    i._ZN4mbed6StreamD2Ev  mbed.ar(Stream.o)
    0x08003504   0x00000004   Code   RO         3813    i._ZN4mbed8FileBase11getPathTypeEv  mbed.ar(FileBase.o)
    0x08003508   0x00000038   Code   RO         3815    i._ZN4mbed8FileBase6lookupEPKcj  mbed.ar(FileBase.o)
    0x08003540   0x00000024   Code   RO         3817    i._ZN4mbed8FileBaseC1EPKcNS_8PathTypeE  mbed.ar(FileBase.o)
    0x08003564   0x00000038   Code   RO         3819    i._ZN4mbed8FileBaseD1Ev  mbed.ar(FileBase.o)
    0x0800359c   0x00000024   Code   RO         3843    i._ZN4mbed8FileLikeC2EPKc  mbed.ar(FileLike.o)
    0x080035c0   0x00000012   Code   RO         3845    i._ZN4mbed8FileLikeD2Ev  mbed.ar(FileLike.o)
    0x080035d2   0x00000018   Code   RO         3349    i._ZN4mbed8FilePath10fileSystemEv  mbed.ar(FilePath.o)
    0x080035ea   0x0000001c   Code   RO         3351    i._ZN4mbed8FilePath4fileEv  mbed.ar(FilePath.o)
    0x08003606   0x0000000a   Code   RO         3352    i._ZN4mbed8FilePath6existsEv  mbed.ar(FilePath.o)
    0x08003610   0x00000018   Code   RO         3353    i._ZN4mbed8FilePath6isFileEv  mbed.ar(FilePath.o)
    0x08003628   0x00000004   Code   RO         3354    i._ZN4mbed8FilePath8fileNameEv  mbed.ar(FilePath.o)
    0x0800362c   0x00000040   Code   RO         3355    i._ZN4mbed8FilePathC1EPKc  mbed.ar(FilePath.o)
    0x0800366c   0x00000006   Code   RO         3510    i._ZThn84_N4mbed6Serial5_putcEi  mbed.ar(Serial.o)
    0x08003672   0x00000008   Code   RO         5120    i._ZdaPv            cpprt_w.l(array_del.o)
    0x0800367a   0x00000008   Code   RO         4162    i._ZdlPv            cpprt_w.l(delete.o)
    0x08003682   0x00000008   Code   RO         4158    i._Znaj             cpprt_w.l(array_new.o)
    0x0800368a   0x00000002   PAD
    0x0800368c   0x00000028   Code   RO         4165    i._Znwj             cpprt_w.l(new.o)
    0x080036b4   0x0000001c   Code   RO         4613    i.__0fprintf        mc_w.l(printfa.o)
    0x080036d0   0x00000028   Code   RO         4615    i.__0snprintf       mc_w.l(printfa.o)
    0x080036f8   0x00000028   Code   RO         4616    i.__0sprintf        mc_w.l(printfa.o)
    0x08003720   0x00000018   Code   RO         4617    i.__0vfprintf       mc_w.l(printfa.o)
    0x08003738   0x00000032   Code   RO         4275    i.__aeabi_atexit    cpprt_w.l(aeabi_atexit.o)
    0x0800376a   0x00000024   Code   RO         4278    i.__aeabi_vec_ctor_nocookie_nodtor  cpprt_w.l(aeabi_vec_ctor_nocookie_nodtor.o)
    0x0800378e   0x00000042   Code   RO         5145    i.__cxa_finalize    cpprt_w.l(cxa_finalize.o)
    0x080037d0   0x00000006   Code   RO         4169    i.__cxa_pure_virtual  cpprt_w.l(pure_virt.o)
    0x080037d6   0x0000000e   Code   RO         5578    i.__scatterload_copy  mc_w.l(handlers.o)
    0x080037e4   0x00000002   Code   RO         5579    i.__scatterload_null  mc_w.l(handlers.o)
    0x080037e6   0x0000000e   Code   RO         5580    i.__scatterload_zeroinit  mc_w.l(handlers.o)
    0x080037f4   0x00000010   Code   RO         4913    i.__sti___10_locale_cpp_ff99fc7b  cpp_ws.l(locale.o)
    0x08003804   0x00000038   Code   RO         5349    i.__sti___10_rwcats_cpp_64e8068e  cpp_ws.l(rwcats.o)
    0x0800383c   0x00000010   Code   RO         4669    i.__sti___8_char_cpp_a3dc957a  cpp_ws.l(char.o)
    0x0800384c   0x00000006   Code   RO         4337    i._fclose$full      mc_w.l(fclose_f.o)
    0x08003852   0x00000018   Code   RO         4339    i._fflush$full      mc_w.l(fflush_f.o)
    0x0800386a   0x00000028   Code   RO         4333    i._fopen$full       mc_w.l(fopen_f.o)
    0x08003892   0x00000002   PAD
    0x08003894   0x00000164   Code   RO         4621    i._fp_digits        mc_w.l(printfa.o)
    0x080039f8   0x0000005e   Code   RO         4334    i._freopen$full     mc_w.l(fopen_f.o)
    0x08003a56   0x00000002   PAD
    0x08003a58   0x000006dc   Code   RO         4622    i._printf_core      mc_w.l(printfa.o)
    0x08004134   0x00000024   Code   RO         4623    i._printf_post_padding  mc_w.l(printfa.o)
    0x08004158   0x0000002e   Code   RO         4624    i._printf_pre_padding  mc_w.l(printfa.o)
    0x08004186   0x00000016   Code   RO         4625    i._snputc           mc_w.l(printfa.o)
    0x0800419c   0x0000000a   Code   RO         4626    i._sputc            mc_w.l(printfa.o)
    0x080041a6   0x00000002   PAD
    0x080041a8   0x0000002c   Code   RO         1375    i._sys_close        retarget.o
    0x080041d4   0x000000e4   Code   RO         1380    i._sys_open         retarget.o
    0x080042b8   0x00000028   Code   RO         1382    i._sys_seek         retarget.o
    0x080042e0   0x00000060   Code   RO         1383    i._sys_write        retarget.o
    0x08004340   0x00000018   Code   RO         3898    i.error             mbed.ar(error.o)
    0x08004358   0x00000020   Code   RO         1385    i.exit              retarget.o
    0x08004378   0x00000050   Code   RO         5259    i.free              mc_w.l(malloc.o)
    0x080043c8   0x00000050   Code   RO         3701    i.gpio_dir          mbed.ar(gpio_api.o)
    0x08004418   0x00000038   Code   RO         3702    i.gpio_init         mbed.ar(gpio_api.o)
    0x08004450   0x00000026   Code   RO         3665    i.gpio_init_in      mbed.ar(gpio.o)
    0x08004476   0x00000002   PAD
    0x08004478   0x00000048   Code   RO         3668    i.gpio_init_out     mbed.ar(gpio.o)
    0x080044c0   0x00000008   Code   RO         3739    i.gpio_irq0         mbed.ar(gpio_irq_api.o)
    0x080044c8   0x00000008   Code   RO         3740    i.gpio_irq1         mbed.ar(gpio_irq_api.o)
    0x080044d0   0x00000008   Code   RO         3741    i.gpio_irq2         mbed.ar(gpio_irq_api.o)
    0x080044d8   0x00000008   Code   RO         3742    i.gpio_irq3         mbed.ar(gpio_irq_api.o)
    0x080044e0   0x00000008   Code   RO         3743    i.gpio_irq4         mbed.ar(gpio_irq_api.o)
    0x080044e8   0x00000008   Code   RO         3744    i.gpio_irq5         mbed.ar(gpio_irq_api.o)
    0x080044f0   0x00000008   Code   RO         3745    i.gpio_irq6         mbed.ar(gpio_irq_api.o)
    0x080044f8   0x0000004c   Code   RO         3748    i.gpio_irq_free     mbed.ar(gpio_irq_api.o)
    0x08004544   0x0000014c   Code   RO         3749    i.gpio_irq_init     mbed.ar(gpio_irq_api.o)
    0x08004690   0x00000072   Code   RO         3750    i.gpio_irq_set      mbed.ar(gpio_irq_api.o)
    0x08004702   0x00000008   Code   RO         3703    i.gpio_mode         mbed.ar(gpio_api.o)
    0x0800470a   0x00000002   PAD
    0x0800470c   0x00000080   Code   RO         3751    i.handle_interrupt_in  mbed.ar(gpio_irq_api.o)
    0x0800478c   0x0000004c   Code   RO         3771    i.init_spi          mbed.ar(spi_api.o)
    0x080047d8   0x0000006c   Code   RO         5260    i.malloc            mc_w.l(malloc.o)
    0x08004844   0x00000050   Code   RO         3659    i.mbed_assert_internal  mbed.ar(assert.o)
    0x08004894   0x00000010   Code   RO         1944    i.mbed_die          board.o
    0x080048a4   0x00000002   Code   RO         1386    i.mbed_main         retarget.o
    0x080048a6   0x0000000e   Code   RO         2386    i.mbed_sdk_init     mbed_overrides.o
    0x080048b4   0x0000006c   Code   RO         3729    i.pin_function      mbed.ar(pinmap.o)
    0x08004920   0x00000058   Code   RO         3730    i.pin_mode          mbed.ar(pinmap.o)
    0x08004978   0x00000038   Code   RO         3869    i.pinmap_merge      mbed.ar(pinmap_common.o)
    0x080049b0   0x0000005c   Code   RO         3870    i.pinmap_peripheral  mbed.ar(pinmap_common.o)
    0x08004a0c   0x00000058   Code   RO         3871    i.pinmap_pinout     mbed.ar(pinmap_common.o)
    0x08004a64   0x00000044   Code   RO         3308    i.serial_baud       mbed.ar(serial_api.o)
    0x08004aa8   0x0000017c   Code   RO         3315    i.serial_init       mbed.ar(serial_api.o)
    0x08004c24   0x00000018   Code   RO         3316    i.serial_irq_handler  mbed.ar(serial_api.o)
    0x08004c3c   0x00000024   Code   RO         3319    i.serial_putc       mbed.ar(serial_api.o)
    0x08004c60   0x0000005e   Code   RO         3773    i.spi_format        mbed.ar(spi_api.o)
    0x08004cbe   0x00000002   PAD
    0x08004cc0   0x00000160   Code   RO         3775    i.spi_frequency     mbed.ar(spi_api.o)
    0x08004e20   0x0000017c   Code   RO         3776    i.spi_init          mbed.ar(spi_api.o)
    0x08004f9c   0x00000030   Code   RO         3777    i.spi_master_write  mbed.ar(spi_api.o)
    0x08004fcc   0x0000004e   Code   RO         3884    i.ticker_irq_handler  mbed.ar(ticker_api.o)
    0x0800501a   0x00000002   PAD
    0x0800501c   0x00000050   Code   RO         2911    i.timer_irq_handler  hal_tick.o
    0x0800506c   0x00000010   Code   RO         3797    i.us_ticker_clear_interrupt  mbed.ar(us_ticker.o)
    0x0800507c   0x00000014   Code   RO         3798    i.us_ticker_disable_interrupt  mbed.ar(us_ticker.o)
    0x08005090   0x00000028   Code   RO         3799    i.us_ticker_init    mbed.ar(us_ticker.o)
    0x080050b8   0x0000000c   Code   RO         3681    i.us_ticker_irq_handler  mbed.ar(us_ticker_api.o)
    0x080050c4   0x00000030   Code   RO         3800    i.us_ticker_read    mbed.ar(us_ticker.o)
    0x080050f4   0x00000014   Code   RO         3801    i.us_ticker_set_interrupt  mbed.ar(us_ticker.o)
    0x08005108   0x00000028   Code   RO         3691    i.wait              mbed.ar(wait_api.o)
    0x08005130   0x0000001c   Code   RO         3692    i.wait_ms           mbed.ar(wait_api.o)
    0x0800514c   0x0000000e   Code   RO         5365    t._ZN4__rw18__rw_locale_vectorIPNS_8__rw_catEED1Ev  cpp_ws.l(rwcats.o)
    0x0800515a   0x00000530   Data   RO          456    .constdata          bignum.o
    0x0800568a   0x000002d2   Data   RO          686    .constdata          pcd8544lcd.o
    0x0800595c   0x00000240   Data   RO         1297    .constdata          font_6x8.o
    0x08005b9c   0x00000700   Data   RO         1309    .constdata          font_8x8.o
    0x0800629c   0x00000a80   Data   RO         1321    .constdata          font_8x12.o
    0x08006d1c   0x000001b8   Data   RO         1333    .constdata          font_16x20.o
    0x08006ed4   0x00000010   Data   RO         2367    .constdata          stm32f4xx_hal_rcc.o
    0x08006ee4   0x00000010   Data   RO         2602    .constdata          system_stm32f4xx.o
    0x08006ef4   0x00000068   Data   RO         3326    .constdata          mbed.ar(serial_api.o)
    0x08006f5c   0x00000086   Data   RO         3670    .constdata          mbed.ar(gpio.o)
    0x08006fe2   0x00000002   PAD
    0x08006fe4   0x00000014   Data   RO         3682    .constdata          mbed.ar(us_ticker_api.o)
    0x08006ff8   0x00000008   Data   RO         3683    .constdata          mbed.ar(us_ticker_api.o)
    0x08007000   0x0000007c   Data   RO         3705    .constdata          mbed.ar(gpio_api.o)
    0x0800707c   0x00000054   Data   RO         3718    .constdata          mbed.ar(PeripheralPins.o)
    0x080070d0   0x00000054   Data   RO         3719    .constdata          mbed.ar(PeripheralPins.o)
    0x08007124   0x0000006c   Data   RO         3720    .constdata          mbed.ar(PeripheralPins.o)
    0x08007190   0x00000060   Data   RO         3721    .constdata          mbed.ar(PeripheralPins.o)
    0x080071f0   0x00000060   Data   RO         3722    .constdata          mbed.ar(PeripheralPins.o)
    0x08007250   0x00000048   Data   RO         3723    .constdata          mbed.ar(PeripheralPins.o)
    0x08007298   0x000000bc   Data   RO         3731    .constdata          mbed.ar(pinmap.o)
    0x08007354   0x00000065   Data   RO         3782    .constdata          mbed.ar(spi_api.o)
    0x080073b9   0x00000081   Data   RO         5478    .constdata          mc_w.l(ctype_o.o)
    0x0800743a   0x00000002   PAD
    0x0800743c   0x00000004   Data   RO         5479    .constdata          mc_w.l(ctype_o.o)
    0x08007440   0x0000002c   Data   RO         1481    .constdata__ZTVN4mbed10FileHandleE  retarget.o
    0x0800746c   0x00000010   Data   RO         3586    .constdata__ZTVN4mbed10SerialBaseE  mbed.ar(SerialBase.o)
    0x0800747c   0x00000010   Data   RO         3471    .constdata__ZTVN4mbed11InterruptInE  mbed.ar(InterruptIn.o)
    0x0800748c   0x00000014   Data   RO         3495    .constdata__ZTVN4mbed3SPIE  mbed.ar(SPI.o)
    0x080074a0   0x0000005c   Data   RO         3524    .constdata__ZTVN4mbed6SerialE  mbed.ar(Serial.o)
    0x080074fc   0x00000044   Data   RO         3654    .constdata__ZTVN4mbed6StreamE  mbed.ar(Stream.o)
    0x08007540   0x00000010   Data   RO         3838    .constdata__ZTVN4mbed8FileBaseE  mbed.ar(FileBase.o)
    0x08007550   0x0000003c   Data   RO         3861    .constdata__ZTVN4mbed8FileLikeE  mbed.ar(FileLike.o)
    0x0800758c   0x00000042   Data   RO          687    .conststring        pcd8544lcd.o
    0x080075ce   0x00000002   PAD
    0x080075d0   0x00000020   Data   RO         5577    Region$$Table       anon$$obj.o
    0x080075f0   0x00000004   Data   RO            7    .init_array         main.o
    0x080075f4   0x00000004   Data   RO          544    .init_array         screen.o
    0x080075f8   0x00000000   Data   RO         4649    .init_array         mc_w.l(cpp_init.o)
    0x080075f8   0x00000004   Data   RO         4691    .init_array         cpp_ws.l(char.o)
    0x080075fc   0x00000004   Data   RO         4961    .init_array         cpp_ws.l(locale.o)
    0x08007600   0x00000004   Data   RO         5359    .init_array         cpp_ws.l(rwcats.o)


    Execution Region RW_IRAM1 (Base: 0x20000198, Size: 0x00000e40, Max: 0x0001fe68, ABSOLUTE, COMPRESSED[0x0000010c])

    Base Addr    Size         Type   Attr      Idx    E Section Name        Object

    0x20000198   0x0000000c   Data   RW            6    .data               main.o
    0x200001a4   0x00000001   Data   RW          543    .data               screen.o
    0x200001a5   0x00000270   Data   RW          688    .data               pcd8544lcd.o
    0x20000415   0x00000003   PAD
    0x20000418   0x00000004   Data   RW         1431    .data               retarget.o
    0x2000041c   0x00000004   Data   RW         2567    .data               stm32f4xx_hal.o
    0x20000420   0x00000004   Data   RW         2603    .data               system_stm32f4xx.o
    0x20000424   0x00000004   Data   RW         2913    .data               hal_tick.o
    0x20000428   0x00000008   Data   RW         3327    .data               mbed.ar(serial_api.o)
    0x20000430   0x00000004   Data   RW         3486    .data               mbed.ar(SPI.o)
    0x20000434   0x00000008   Data   RW         3684    .data               mbed.ar(us_ticker_api.o)
    0x2000043c   0x00000044   Data   RW         3753    .data               mbed.ar(gpio_irq_api.o)
    0x20000480   0x00000004   Data   RW         3803    .data               mbed.ar(us_ticker.o)
    0x20000484   0x00000004   Data   RW         3827    .data               mbed.ar(FileBase.o)
    0x20000488   0x00000008   Data   RW         4690    .data               cpp_ws.l(char.o)
    0x20000490   0x0000001c   Data   RW         4960    .data               cpp_ws.l(locale.o)
    0x200004ac   0x00000004   Data   RW         5316    .data               mc_w.l(cpp_dtor.o)
    0x200004b0   0x00000004   Data   RW         5321    .data               mc_w.l(cpp_memory.o)
    0x200004b4   0x00000008   Data   RW         5326    .data               mc_w.l(cpp_unwinder.o)
    0x200004bc   0x00000008   Data   RW         5358    .data               cpp_ws.l(rwcats.o)
    0x200004c4   0x00000004   Data   RW         5527    .data               mc_w.l(mvars.o)
    0x200004c8   0x00000004   Data   RW         5528    .data               mc_w.l(mvars.o)
    0x200004cc   0x000000d0   Zero   RW            5    .bss                main.o
    0x2000059c   0x00000270   Zero   RW          542    .bss                screen.o
    0x2000080c   0x00000040   Zero   RW         1427    .bss                retarget.o
    0x2000084c   0x0000003c   Zero   RW         2912    .bss                hal_tick.o
    0x20000888   0x0000007c   Zero   RW         3325    .bss                mbed.ar(serial_api.o)
    0x20000904   0x00000214   Zero   RW         3752    .bss                mbed.ar(gpio_irq_api.o)
    0x20000b18   0x00000058   Zero   RW         3781    .bss                mbed.ar(spi_api.o)
    0x20000b70   0x0000003c   Zero   RW         3802    .bss                mbed.ar(us_ticker.o)
    0x20000bac   0x00000014   Zero   RW         4361    .bss                mc_w.l(stdout_f.o)
    0x20000bc0   0x00000014   Zero   RW         4362    .bss                mc_w.l(stderr_f.o)
    0x20000bd4   0x00000004   PAD
    0x20000bd8   0x00000400   Zero   RW         3100    HEAP                startup_stm32f411xe.o


==============================================================================

Image component sizes


      Code (inc. data)   RO Data    RW Data    ZI Data      Debug   Object Name

       648         34       1328          0          0       6324   bignum.o
        16          0          0          0          0        120   board.o
       104          6          0          0          0        132   cmsis_nvic.o
         0          0        440          0          0        741   font_16x20.o
         0          0        576          0          0        731   font_6x8.o
         0          0       2688          0          0        740   font_8x12.o
         0          0       1792          0          0        731   font_8x8.o
       260         48          0          4         60        256   hal_tick.o
         2          0          0          0          0        644   hall.o
       200         46          4         12        208     162526   main.o
        14          0          0          0          0        128   mbed_overrides.o
        28          0          0          0          0       2384   nokia_5110.o
      3196         88        788        624          0      31302   pcd8544lcd.o
       514         56         44          4         64       1120   retarget.o
       360         26          4          1        624       5256   screen.o
        36          8        408          0       1024        276   startup_stm32f411xe.o
        80         16          0          4          0        356   stm32f4xx_hal.o
        36          6          0          0          0        116   stm32f4xx_hal_cortex.o
       520         26          0          0          0        140   stm32f4xx_hal_gpio.o
         2          0          0          0          0        116   stm32f4xx_hal_msp_template.o
      1840         94         16          0          0        652   stm32f4xx_hal_rcc.o
       134          0          0          0          0        244   stm32f4xx_hal_spi.o
       258         16          0          0          0        488   stm32f4xx_hal_tim.o
       632         14          0          0          0        376   stm32f4xx_hal_uart.o
       536         72         16          4          0        400   system_stm32f4xx.o

    ----------------------------------------------------------------------
      9422        556       8138        656       1980     216299   Object Totals
         0          0         32          0          0          0   (incl. Generated)
         6          0          2          3          0          0   (incl. Padding)

    ----------------------------------------------------------------------

      Code (inc. data)   RO Data    RW Data    ZI Data      Debug   Library Member Name

        16          4          4          8          0         68   char.o
        16          4          4         28          0         68   locale.o
        70         14          4          8          0        164   rwcats.o
        50          0          0          0          0         84   aeabi_atexit.o
        36          0          0          0          0         84   aeabi_vec_ctor_nocookie_nodtor.o
        80         12          0          0          0        104   arm_exceptions_globs.o
        60          0          0          0          0        108   arm_exceptions_mem.o
        26          0          0          0          0         76   arm_exceptions_terminate.o
         4          0          0          0          0         68   arm_newhandler_noexceptions.o
         8          0          0          0          0         76   array_del.o
         8          0          0          0          0         76   array_new.o
        66          0          0          0          0         84   cxa_finalize.o
         8          0          0          0          0         76   delete.o
        40          6          0          0          0         76   new.o
         6          0          0          0          0         68   pure_virt.o
       152         24         16          4          0        476   FileBase.o
        54         10         60          0          0        252   FileLike.o
       154          0          0          0          0        728   FilePath.o
       192         12         16          0          0        600   InterruptIn.o
         0          0        540          0          0          0   PeripheralPins.o
       212         22         20          4          0        520   SPI.o
        54          4         92          0          0        364   Serial.o
       164         12         16          0          0        612   SerialBase.o
       176         16         68          0          0        760   Stream.o
        80         56          0          0          0        128   assert.o
        24          4          0          0          0        128   error.o
       110          6        134          0          0        272   gpio.o
       144         28        124          0          0        388   gpio_api.o
       706        118          0         68        532       1348   gpio_irq_api.o
       372         98        188          0          0        392   pinmap.o
       236         78          0          0          0        384   pinmap_common.o
       508         84        104          8        124        484   serial_api.o
       950         98        101          0         88        684   spi_api.o
        78          0          0          0          0        136   ticker_api.o
       144         46          0          4         60        588   us_ticker.o
        12          6         28          8          0        116   us_ticker_api.o
        68          4          0          0          0        256   wait_api.o
        56          8          0          0          0         84   __0sscanf.o
        86          0          0          0          0          0   __dczerorl2.o
        28          0          0          0          0         68   _chval.o
       812          4          0          0          0        112   _scanf.o
       332          0          0          0          0         96   _scanf_int.o
        64          0          0          0          0         84   _sgetc.o
         8          4          0          4          0         68   cpp_dtor.o
         2          0          0          0          0         68   cpp_final.o
        32         10          0          0          0         80   cpp_init.o
         8          4          0          4          0         68   cpp_memory.o
         2          0          0          0          0         68   cpp_signal.o
        32          6          0          8          0        252   cpp_unwinder.o
         8          4        133          0          0         68   ctype_o.o
         0          0          0          0          0          0   entry.o
         0          0          0          0          0          0   entry10a.o
         0          0          0          0          0          0   entry11a.o
         8          4          0          0          0          0   entry2.o
         4          0          0          0          0          0   entry5.o
         4          0          0          0          0          0   entry6b.o
         0          0          0          0          0          0   entry7b.o
         4          0          0          0          0          0   entry8a.o
         0          0          0          0          0          0   entry8b.o
         8          4          0          0          0          0   entry9a.o
         6          0          0          0          0         68   fclose_f.o
        24          0          0          0          0         76   fflush_f.o
       134          0          0          0          0        172   fopen_f.o
        40          0          0          0          0         80   fputc_fp.o
        30          0          0          0          0          0   handlers.o
        36          8          0          0          0         68   init.o
        32         12          0          0          0         72   initio_oe.o
        18          0          0          0          0         76   isspace_o.o
         0          0          0          0          0          0   iusefp.o
        30          0          0          0          0         68   llshl.o
        36          0          0          0          0         68   llsshr.o
        32          0          0          0          0         68   llushr.o
       188         20          0          0          0        160   malloc.o
        66          0          0          0          0         76   memmove.o
        36          0          0          0          0        108   memseta.o
         0          0          0          8          0          0   mvars.o
      2358        100          0          0          0        828   printfa.o
        40          8          0          0          0         84   scanf_char.o
         2          0          0          0          0         68   setbuf.o
         0          0          0          0         20          0   stderr_f.o
         0          0          0          0         20          0   stdout_f.o
        28          0          0          0          0         76   strcmp.o
        14          0          0          0          0         68   strlen.o
        30          0          0          0          0         80   strncmp.o
        44          0          0          0          0         80   uidiv.o
        98          0          0          0          0         92   uldiv.o
        48          0          0          0          0         68   cdrcmple.o
       334          0          0          0          0        148   dadd.o
       222          0          0          0          0        100   ddiv.o
       186          0          0          0          0        176   depilogue.o
        48          0          0          0          0         68   dfixul.o
       228          0          0          0          0         96   dmul.o

    ----------------------------------------------------------------------
     10996        962       1656        164        848      15204   Library Totals
        26          0          4          0          4          0   (incl. Padding)

    ----------------------------------------------------------------------

      Code (inc. data)   RO Data    RW Data    ZI Data      Debug   Library Name

       102         22         12         44          0        300   cpp_ws.l
       392         18          0          0          0        980   cpprt_w.l
      4590        726       1507         96        804       9616   mbed.ar
      4820        196        133         24         40       3652   mc_w.l
      1066          0          0          0          0        656   mf_w.l

    ----------------------------------------------------------------------
     10996        962       1656        164        848      15204   Library Totals

    ----------------------------------------------------------------------

==============================================================================


      Code (inc. data)   RO Data    RW Data    ZI Data      Debug   

     20418       1518       9794        820       2828     216963   Grand Totals
     20418       1518       9794        268       2828     216963   ELF Image Totals (compressed)
     20418       1518       9794        268          0          0   ROM Totals

==============================================================================

    Total RO  Size (Code + RO Data)                30212 (  29.50kB)
    Total RW  Size (RW Data + ZI Data)              3648 (   3.56kB)
    Total ROM Size (Code + RO Data + RW Data)      30480 (  29.77kB)

==============================================================================

