<html>
<body>
<pre>
<h1>µVision Build Log</h1>
<h2>Tool Versions:</h2>
IDE-Version: ¦ÌVision V5.14.0.0
Copyright (C) 2015 ARM Ltd and ARM Germany GmbH. All rights reserved.
License Information: song Microsoft, Microsoft, LIC=----
 
Tool Versions:
Toolchain:       MDK-Lite  Version: 5.14.0.0
Toolchain Path:  C:\Keil_v5\ARM\ARMCC\Bin
C Compiler:      Armcc.exe V5.05 update 1 (build 106)
Assembler:       Armasm.exe V5.05 update 1 (build 106)
Linker/Locator:  ArmLink.exe V5.05 update 1 (build 106)
Library Manager: ArmAr.exe V5.05 update 1 (build 106)
Hex Converter:   FromElf.exe V5.05 update 1 (build 106)
CPU DLL:         SARMCM3.DLL V5.14.0.0
Dialog DLL:      DCM.DLL V1.13.1.0
Target DLL:      STLink\ST-LINKIII-KEIL_SWO.dll V2.0.14.0_KEIL
Dialog DLL:      TCM.DLL V1.14.4.0
 
<h2>Project:</h2>
D:\myProjece\code\mbed\Nucleo_blink_led\Nucleo_blink_led.uvprojx
Project File Date:  05/20/2015

<h2>Output:</h2>
Rebuild target 'mbed NUCLEO_F411RE'
compiling main.cpp...
main.cpp(23): warning:  #550-D: variable "f" was set but never used
        bool f=false;
main.cpp: 1 warning, 0 errors
compiling NOKIA_5110.cpp...
compiling PCD8544LCD.cpp...
compiling font_6x8.cpp...
compiling font_8x8.cpp...
compiling font_8x12.cpp...
compiling font_16x20.cpp...
linking...
Program Size: Code=17534 RO-data=8150 RW-data=736 ZI-data=1480  
After Build - User command #1: fromelf --bin -o build\Nucleo_blink_led_NUCLEO_F411RE.bin build\Nucleo_blink_led.axf
".\build\Nucleo_blink_led.axf" - 0 Error(s), 1 Warning(s).

<h2>Collection of Component include folders:</h2>
  D:\myProjece\code\mbed\Nucleo_blink_led\RTE
  C:\Keil_v5\ARM\PACK\Keil\STM32F4xx_DFP\2.4.0

<h2>Collection of Component Files used:</h2>
</pre>
</body>
</html>
